Component: ARM Compiler 6.12 Tool: armlink [5d624300]

==============================================================================

Section Cross References

    board.o(.text.BOARD_InitDebugConsole) refers to fsl_clock.o(.text.CLOCK_AttachClk) for CLOCK_AttachClk
    board.o(.text.BOARD_InitDebugConsole) refers to fsl_reset.o(.text.RESET_ClearPeripheralReset) for RESET_ClearPeripheralReset
    board.o(.text.BOARD_InitDebugConsole) refers to fsl_debug_console.o(.text.DbgConsole_Init) for DbgConsole_Init
    board.o(.ARM.exidx.text.BOARD_InitDebugConsole) refers to board.o(.text.BOARD_InitDebugConsole) for [Anonymous Symbol]
    board.o(.text.BOARD_InitDebugConsole_Core1) refers to fsl_reset.o(.text.RESET_ClearPeripheralReset) for RESET_ClearPeripheralReset
    board.o(.text.BOARD_InitDebugConsole_Core1) refers to fsl_debug_console.o(.text.DbgConsole_Init) for DbgConsole_Init
    board.o(.ARM.exidx.text.BOARD_InitDebugConsole_Core1) refers to board.o(.text.BOARD_InitDebugConsole_Core1) for [Anonymous Symbol]
    clock_config.o(.text.BOARD_InitBootClocks) refers to clock_config.o(.text.BOARD_BootClockFROHF96M) for BOARD_BootClockFROHF96M
    clock_config.o(.ARM.exidx.text.BOARD_InitBootClocks) refers to clock_config.o(.text.BOARD_InitBootClocks) for [Anonymous Symbol]
    clock_config.o(.text.BOARD_BootClockFROHF96M) refers to clock_config.o(.text.POWER_DisablePD) for POWER_DisablePD
    clock_config.o(.text.BOARD_BootClockFROHF96M) refers to fsl_clock.o(.text.CLOCK_SetupFROClocking) for CLOCK_SetupFROClocking
    clock_config.o(.text.BOARD_BootClockFROHF96M) refers to fsl_clock.o(.text.CLOCK_AttachClk) for CLOCK_AttachClk
    clock_config.o(.text.BOARD_BootClockFROHF96M) refers to fsl_power_lib.o(.text.POWER_SetVoltageForFreq) for POWER_SetVoltageForFreq
    clock_config.o(.text.BOARD_BootClockFROHF96M) refers to fsl_clock.o(.text.CLOCK_SetFLASHAccessCyclesForFreq) for CLOCK_SetFLASHAccessCyclesForFreq
    clock_config.o(.text.BOARD_BootClockFROHF96M) refers to fsl_clock.o(.text.CLOCK_SetClkDiv) for CLOCK_SetClkDiv
    clock_config.o(.text.BOARD_BootClockFROHF96M) refers to system_lpc55s69_cm33_core0.o(.data.SystemCoreClock) for SystemCoreClock
    clock_config.o(.ARM.exidx.text.BOARD_BootClockFROHF96M) refers to clock_config.o(.text.BOARD_BootClockFROHF96M) for [Anonymous Symbol]
    clock_config.o(.text.BOARD_BootClockFRO12M) refers to clock_config.o(.text.POWER_DisablePD) for POWER_DisablePD
    clock_config.o(.text.BOARD_BootClockFRO12M) refers to fsl_clock.o(.text.CLOCK_SetupFROClocking) for CLOCK_SetupFROClocking
    clock_config.o(.text.BOARD_BootClockFRO12M) refers to fsl_clock.o(.text.CLOCK_AttachClk) for CLOCK_AttachClk
    clock_config.o(.text.BOARD_BootClockFRO12M) refers to fsl_power_lib.o(.text.POWER_SetVoltageForFreq) for POWER_SetVoltageForFreq
    clock_config.o(.text.BOARD_BootClockFRO12M) refers to fsl_clock.o(.text.CLOCK_SetFLASHAccessCyclesForFreq) for CLOCK_SetFLASHAccessCyclesForFreq
    clock_config.o(.text.BOARD_BootClockFRO12M) refers to fsl_clock.o(.text.CLOCK_SetClkDiv) for CLOCK_SetClkDiv
    clock_config.o(.text.BOARD_BootClockFRO12M) refers to system_lpc55s69_cm33_core0.o(.data.SystemCoreClock) for SystemCoreClock
    clock_config.o(.ARM.exidx.text.BOARD_BootClockFRO12M) refers to clock_config.o(.text.BOARD_BootClockFRO12M) for [Anonymous Symbol]
    clock_config.o(.ARM.exidx.text.POWER_DisablePD) refers to clock_config.o(.text.POWER_DisablePD) for [Anonymous Symbol]
    clock_config.o(.text.BOARD_BootClockPLL100M) refers to clock_config.o(.text.POWER_DisablePD) for POWER_DisablePD
    clock_config.o(.text.BOARD_BootClockPLL100M) refers to fsl_clock.o(.text.CLOCK_SetupFROClocking) for CLOCK_SetupFROClocking
    clock_config.o(.text.BOARD_BootClockPLL100M) refers to fsl_clock.o(.text.CLOCK_AttachClk) for CLOCK_AttachClk
    clock_config.o(.text.BOARD_BootClockPLL100M) refers to fsl_clock.o(.text.CLOCK_SetupExtClocking) for CLOCK_SetupExtClocking
    clock_config.o(.text.BOARD_BootClockPLL100M) refers to fsl_power_lib.o(.text.POWER_SetVoltageForFreq) for POWER_SetVoltageForFreq
    clock_config.o(.text.BOARD_BootClockPLL100M) refers to fsl_clock.o(.text.CLOCK_SetFLASHAccessCyclesForFreq) for CLOCK_SetFLASHAccessCyclesForFreq
    clock_config.o(.text.BOARD_BootClockPLL100M) refers to clock_config.o(.rodata.cst32) for .L__const.BOARD_BootClockPLL100M.pll0Setup
    clock_config.o(.text.BOARD_BootClockPLL100M) refers to fsl_clock.o(.text.CLOCK_SetPLL0Freq) for CLOCK_SetPLL0Freq
    clock_config.o(.text.BOARD_BootClockPLL100M) refers to fsl_clock.o(.text.CLOCK_SetClkDiv) for CLOCK_SetClkDiv
    clock_config.o(.text.BOARD_BootClockPLL100M) refers to system_lpc55s69_cm33_core0.o(.data.SystemCoreClock) for SystemCoreClock
    clock_config.o(.ARM.exidx.text.BOARD_BootClockPLL100M) refers to clock_config.o(.text.BOARD_BootClockPLL100M) for [Anonymous Symbol]
    pin_mux.o(.text.BOARD_InitBootPins) refers to pin_mux.o(.text.BOARD_InitPins) for BOARD_InitPins
[...]
    __rt_lib_init_lc_numeric_1               0x00000285   Thumb Code     0  libinit2.o(.ARM.Collect$$libinit$$00000017)
    __rt_lib_init_lc_time_1                  0x00000285   Thumb Code     0  libinit2.o(.ARM.Collect$$libinit$$00000019)
    __rt_lib_init_preinit_1                  0x00000285   Thumb Code     0  libinit2.o(.ARM.Collect$$libinit$$00000004)
    __rt_lib_init_rand_1                     0x00000285   Thumb Code     0  libinit2.o(.ARM.Collect$$libinit$$0000000E)
    __rt_lib_init_return                     0x00000285   Thumb Code     0  libinit2.o(.ARM.Collect$$libinit$$00000033)
    __rt_lib_init_signal_1                   0x00000285   Thumb Code     0  libinit2.o(.ARM.Collect$$libinit$$0000001D)
    __rt_lib_init_stdio_1                    0x00000285   Thumb Code     0  libinit2.o(.ARM.Collect$$libinit$$00000025)
    __rt_lib_init_user_alloc_1               0x00000285   Thumb Code     0  libinit2.o(.ARM.Collect$$libinit$$0000000C)
    __rt_lib_shutdown                        0x00000287   Thumb Code     0  libshutdown.o(.ARM.Collect$$libshutdown$$00000000)
    __rt_lib_shutdown_cpp_1                  0x00000289   Thumb Code     0  libshutdown2.o(.ARM.Collect$$libshutdown$$00000002)
    __rt_lib_shutdown_fp_trap_1              0x00000289   Thumb Code     0  libshutdown2.o(.ARM.Collect$$libshutdown$$00000007)
    __rt_lib_shutdown_heap_1                 0x00000289   Thumb Code     0  libshutdown2.o(.ARM.Collect$$libshutdown$$0000000F)
    __rt_lib_shutdown_return                 0x00000289   Thumb Code     0  libshutdown2.o(.ARM.Collect$$libshutdown$$00000010)
    __rt_lib_shutdown_signal_1               0x00000289   Thumb Code     0  libshutdown2.o(.ARM.Collect$$libshutdown$$0000000A)
    __rt_lib_shutdown_stdio_1                0x00000289   Thumb Code     0  libshutdown2.o(.ARM.Collect$$libshutdown$$00000004)
    __rt_lib_shutdown_user_alloc_1           0x00000289   Thumb Code     0  libshutdown2.o(.ARM.Collect$$libshutdown$$0000000C)
    __rt_entry                               0x0000028b   Thumb Code     0  __rtentry.o(.ARM.Collect$$rtentry$$00000000)
    __rt_entry_presh_1                       0x0000028b   Thumb Code     0  __rtentry2.o(.ARM.Collect$$rtentry$$00000002)
    __rt_entry_sh                            0x0000028b   Thumb Code     0  __rtentry7.o(.ARM.Collect$$rtentry$$00000007)
    __rt_entry_li                            0x0000028f   Thumb Code     0  __rtentry2.o(.ARM.Collect$$rtentry$$0000000A)
    __rt_entry_postsh_1                      0x0000028f   Thumb Code     0  __rtentry2.o(.ARM.Collect$$rtentry$$00000009)
    __rt_entry_main                          0x00000293   Thumb Code     0  __rtentry2.o(.ARM.Collect$$rtentry$$0000000D)
    __rt_entry_postli_1                      0x00000293   Thumb Code     0  __rtentry2.o(.ARM.Collect$$rtentry$$0000000C)
    __rt_exit                                0x000002a1   Thumb Code     0  rtexit.o(.ARM.Collect$$rtexit$$00000000)
    __rt_exit_ls                             0x000002a3   Thumb Code     0  rtexit2.o(.ARM.Collect$$rtexit$$00000003)
    __rt_exit_prels_1                        0x000002a3   Thumb Code     0  rtexit2.o(.ARM.Collect$$rtexit$$00000002)
    __rt_exit_exit                           0x000002a7   Thumb Code     0  rtexit2.o(.ARM.Collect$$rtexit$$00000004)
    Reset_Handler                            0x000002ad   Thumb Code    18  startup_lpc55s69_cm33_core0.o(.text)
    NMI_Handler                              0x000002bf   Thumb Code     2  startup_lpc55s69_cm33_core0.o(.text)
    HardFault_Handler                        0x000002c1   Thumb Code     2  startup_lpc55s69_cm33_core0.o(.text)
    MemManage_Handler                        0x000002c3   Thumb Code     2  startup_lpc55s69_cm33_core0.o(.text)
    BusFault_Handler                         0x000002c5   Thumb Code     2  startup_lpc55s69_cm33_core0.o(.text)
    UsageFault_Handler                       0x000002c7   Thumb Code     2  startup_lpc55s69_cm33_core0.o(.text)
    SecureFault_Handler                      0x000002c9   Thumb Code     2  startup_lpc55s69_cm33_core0.o(.text)
    SVC_Handler                              0x000002cb   Thumb Code     2  startup_lpc55s69_cm33_core0.o(.text)
    DebugMon_Handler                         0x000002cd   Thumb Code     2  startup_lpc55s69_cm33_core0.o(.text)
    PendSV_Handler                           0x000002cf   Thumb Code     2  startup_lpc55s69_cm33_core0.o(.text)
    WDT_BOD_IRQHandler                       0x000002d3   Thumb Code     4  startup_lpc55s69_cm33_core0.o(.text)
    DMA0_IRQHandler                          0x000002d7   Thumb Code     4  startup_lpc55s69_cm33_core0.o(.text)
    GINT0_IRQHandler                         0x000002db   Thumb Code     4  startup_lpc55s69_cm33_core0.o(.text)
    GINT1_IRQHandler                         0x000002df   Thumb Code     4  startup_lpc55s69_cm33_core0.o(.text)
    PIN_INT0_IRQHandler                      0x000002e3   Thumb Code     4  startup_lpc55s69_cm33_core0.o(.text)
    PIN_INT1_IRQHandler                      0x000002e7   Thumb Code     4  startup_lpc55s69_cm33_core0.o(.text)
    PIN_INT2_IRQHandler                      0x000002eb   Thumb Code     4  startup_lpc55s69_cm33_core0.o(.text)
    PIN_INT3_IRQHandler                      0x000002ef   Thumb Code     4  startup_lpc55s69_cm33_core0.o(.text)
    UTICK0_IRQHandler                        0x000002f3   Thumb Code     4  startup_lpc55s69_cm33_core0.o(.text)
    MRT0_IRQHandler                          0x000002f7   Thumb Code     4  startup_lpc55s69_cm33_core0.o(.text)
    CTIMER0_IRQHandler                       0x000002fb   Thumb Code     4  startup_lpc55s69_cm33_core0.o(.text)
    CTIMER1_IRQHandler                       0x000002ff   Thumb Code     4  startup_lpc55s69_cm33_core0.o(.text)
    SCT0_IRQHandler                          0x00000303   Thumb Code     4  startup_lpc55s69_cm33_core0.o(.text)
    CTIMER3_IRQHandler                       0x00000307   Thumb Code     4  startup_lpc55s69_cm33_core0.o(.text)
    FLEXCOMM1_IRQHandler                     0x0000030f   Thumb Code     4  startup_lpc55s69_cm33_core0.o(.text)
    FLEXCOMM3_IRQHandler                     0x00000317   Thumb Code     4  startup_lpc55s69_cm33_core0.o(.text)
    FLEXCOMM4_IRQHandler                     0x0000031b   Thumb Code     4  startup_lpc55s69_cm33_core0.o(.text)
    FLEXCOMM5_IRQHandler                     0x0000031f   Thumb Code     4  startup_lpc55s69_cm33_core0.o(.text)
    FLEXCOMM6_IRQHandler                     0x00000323   Thumb Code     4  startup_lpc55s69_cm33_core0.o(.text)
    FLEXCOMM7_IRQHandler                     0x00000327   Thumb Code     4  startup_lpc55s69_cm33_core0.o(.text)
    ADC0_IRQHandler                          0x0000032b   Thumb Code     4  startup_lpc55s69_cm33_core0.o(.text)
    Reserved39_IRQHandler                    0x0000032f   Thumb Code     4  startup_lpc55s69_cm33_core0.o(.text)
    ACMP_IRQHandler                          0x00000333   Thumb Code     4  startup_lpc55s69_cm33_core0.o(.text)
    Reserved41_IRQHandler                    0x00000337   Thumb Code     4  startup_lpc55s69_cm33_core0.o(.text)
    Reserved42_IRQHandler                    0x0000033b   Thumb Code     4  startup_lpc55s69_cm33_core0.o(.text)
    USB0_NEEDCLK_IRQHandler                  0x0000033f   Thumb Code     4  startup_lpc55s69_cm33_core0.o(.text)
    USB0_IRQHandler                          0x00000343   Thumb Code     4  startup_lpc55s69_cm33_core0.o(.text)
    RTC_IRQHandler                           0x00000347   Thumb Code     4  startup_lpc55s69_cm33_core0.o(.text)
    Reserved46_IRQHandler                    0x0000034b   Thumb Code     4  startup_lpc55s69_cm33_core0.o(.text)
    MAILBOX_IRQHandler                       0x0000034f   Thumb Code     4  startup_lpc55s69_cm33_core0.o(.text)
    PIN_INT4_IRQHandler                      0x00000353   Thumb Code     4  startup_lpc55s69_cm33_core0.o(.text)
    PIN_INT5_IRQHandler                      0x00000357   Thumb Code     4  startup_lpc55s69_cm33_core0.o(.text)
    PIN_INT6_IRQHandler                      0x0000035b   Thumb Code     4  startup_lpc55s69_cm33_core0.o(.text)
    PIN_INT7_IRQHandler                      0x0000035f   Thumb Code     4  startup_lpc55s69_cm33_core0.o(.text)
    CTIMER2_IRQHandler                       0x00000363   Thumb Code     4  startup_lpc55s69_cm33_core0.o(.text)
    CTIMER4_IRQHandler                       0x00000367   Thumb Code     4  startup_lpc55s69_cm33_core0.o(.text)
    OS_EVENT_IRQHandler                      0x0000036b   Thumb Code     4  startup_lpc55s69_cm33_core0.o(.text)
    Reserved55_IRQHandler                    0x0000036f   Thumb Code     4  startup_lpc55s69_cm33_core0.o(.text)
    Reserved56_IRQHandler                    0x00000373   Thumb Code     4  startup_lpc55s69_cm33_core0.o(.text)
    Reserved57_IRQHandler                    0x00000377   Thumb Code     4  startup_lpc55s69_cm33_core0.o(.text)
    SDIO_IRQHandler                          0x0000037b   Thumb Code     4  startup_lpc55s69_cm33_core0.o(.text)
    Reserved59_IRQHandler                    0x0000037f   Thumb Code     4  startup_lpc55s69_cm33_core0.o(.text)
    Reserved60_IRQHandler                    0x00000383   Thumb Code     4  startup_lpc55s69_cm33_core0.o(.text)
    Reserved61_IRQHandler                    0x00000387   Thumb Code     4  startup_lpc55s69_cm33_core0.o(.text)
    USB1_UTMI_IRQHandler                     0x0000038b   Thumb Code     4  startup_lpc55s69_cm33_core0.o(.text)
    USB1_IRQHandler                          0x0000038f   Thumb Code     4  startup_lpc55s69_cm33_core0.o(.text)
    USB1_NEEDCLK_IRQHandler                  0x00000393   Thumb Code     4  startup_lpc55s69_cm33_core0.o(.text)
    SEC_HYPERVISOR_CALL_IRQHandler           0x00000397   Thumb Code     4  startup_lpc55s69_cm33_core0.o(.text)
    SEC_GPIO_INT0_IRQ0_IRQHandler            0x0000039b   Thumb Code     4  startup_lpc55s69_cm33_core0.o(.text)
    SEC_GPIO_INT0_IRQ1_IRQHandler            0x0000039f   Thumb Code     4  startup_lpc55s69_cm33_core0.o(.text)
    PLU_IRQHandler                           0x000003a3   Thumb Code     4  startup_lpc55s69_cm33_core0.o(.text)
    SEC_VIO_IRQHandler                       0x000003a7   Thumb Code     4  startup_lpc55s69_cm33_core0.o(.text)
    CASER_IRQHandler                         0x000003af   Thumb Code     4  startup_lpc55s69_cm33_core0.o(.text)
    PUF_IRQHandler                           0x000003b3   Thumb Code     4  startup_lpc55s69_cm33_core0.o(.text)
    PQ_IRQHandler                            0x000003b7   Thumb Code     4  startup_lpc55s69_cm33_core0.o(.text)
    DMA1_IRQHandler                          0x000003bb   Thumb Code     4  startup_lpc55s69_cm33_core0.o(.text)
    FLEXCOMM8_IRQHandler                     0x000003bf   Thumb Code     4  startup_lpc55s69_cm33_core0.o(.text)
    ACMP_DriverIRQHandler                    0x000003c3   Thumb Code     0  startup_lpc55s69_cm33_core0.o(.text)
    ADC0_DriverIRQHandler                    0x000003c3   Thumb Code     0  startup_lpc55s69_cm33_core0.o(.text)
    CASER_DriverIRQHandler                   0x000003c3   Thumb Code     0  startup_lpc55s69_cm33_core0.o(.text)
    HASHCRYPT_DriverIRQHandler               0x000003c3   Thumb Code     0  startup_lpc55s69_cm33_core0.o(.text)
    MAILBOX_DriverIRQHandler                 0x000003c3   Thumb Code     0  startup_lpc55s69_cm33_core0.o(.text)
    MRT0_DriverIRQHandler                    0x000003c3   Thumb Code     0  startup_lpc55s69_cm33_core0.o(.text)
    PLU_DriverIRQHandler                     0x000003c3   Thumb Code     0  startup_lpc55s69_cm33_core0.o(.text)
    PQ_DriverIRQHandler                      0x000003c3   Thumb Code     0  startup_lpc55s69_cm33_core0.o(.text)
    PUF_DriverIRQHandler                     0x000003c3   Thumb Code     0  startup_lpc55s69_cm33_core0.o(.text)
    RTC_DriverIRQHandler                     0x000003c3   Thumb Code     0  startup_lpc55s69_cm33_core0.o(.text)
    Reserved39_DriverIRQHandler              0x000003c3   Thumb Code     0  startup_lpc55s69_cm33_core0.o(.text)
    Reserved41_DriverIRQHandler              0x000003c3   Thumb Code     0  startup_lpc55s69_cm33_core0.o(.text)
    Reserved42_DriverIRQHandler              0x000003c3   Thumb Code     0  startup_lpc55s69_cm33_core0.o(.text)
    Reserved46_DriverIRQHandler              0x000003c3   Thumb Code     0  startup_lpc55s69_cm33_core0.o(.text)
    Reserved55_DriverIRQHandler              0x000003c3   Thumb Code     0  startup_lpc55s69_cm33_core0.o(.text)
    Reserved56_DriverIRQHandler              0x000003c3   Thumb Code     0  startup_lpc55s69_cm33_core0.o(.text)
    Reserved57_DriverIRQHandler              0x000003c3   Thumb Code     0  startup_lpc55s69_cm33_core0.o(.text)
    Reserved59_DriverIRQHandler              0x000003c3   Thumb Code     0  startup_lpc55s69_cm33_core0.o(.text)
    Reserved60_DriverIRQHandler              0x000003c3   Thumb Code     0  startup_lpc55s69_cm33_core0.o(.text)
    Reserved61_DriverIRQHandler              0x000003c3   Thumb Code     0  startup_lpc55s69_cm33_core0.o(.text)
    SEC_HYPERVISOR_CALL_DriverIRQHandler     0x000003c3   Thumb Code     0  startup_lpc55s69_cm33_core0.o(.text)
    SEC_VIO_DriverIRQHandler                 0x000003c3   Thumb Code     0  startup_lpc55s69_cm33_core0.o(.text)
    USB0_DriverIRQHandler                    0x000003c3   Thumb Code     0  startup_lpc55s69_cm33_core0.o(.text)
    USB0_NEEDCLK_DriverIRQHandler            0x000003c3   Thumb Code     0  startup_lpc55s69_cm33_core0.o(.text)
    USB1_DriverIRQHandler                    0x000003c3   Thumb Code     0  startup_lpc55s69_cm33_core0.o(.text)
    USB1_NEEDCLK_DriverIRQHandler            0x000003c3   Thumb Code     0  startup_lpc55s69_cm33_core0.o(.text)
    USB1_UTMI_DriverIRQHandler               0x000003c3   Thumb Code     0  startup_lpc55s69_cm33_core0.o(.text)
    WDT_BOD_DriverIRQHandler                 0x000003c3   Thumb Code     0  startup_lpc55s69_cm33_core0.o(.text)
    __2sprintf                               0x000004c1   Thumb Code    34  noretval__2sprintf.o(.text)
    __printf                                 0x000004e9   Thumb Code   104  __printf.o(.text)
    _printf_int_dec                          0x00000551   Thumb Code   104  _printf_dec.o(.text)
    strstr                                   0x000005c9   Thumb Code    36  strstr.o(.text)
    strlen                                   0x000005ed   Thumb Code    62  strlen.o(.text)
    memset                                   0x0000062b   Thumb Code    22  memset.o(.text)
    __aeabi_memclr4                          0x00000641   Thumb Code     0  rt_memclr_w.o(.text)
    __aeabi_memclr8                          0x00000641   Thumb Code     0  rt_memclr_w.o(.text)
    __rt_memclr_w                            0x00000641   Thumb Code    78  rt_memclr_w.o(.text)
    _memset_w                                0x00000645   Thumb Code     0  rt_memclr_w.o(.text)
    _printf_int_common                       0x0000068f   Thumb Code   178  _printf_intcommon.o(.text)
    _printf_char_common                      0x0000074b   Thumb Code    32  _printf_char_common.o(.text)
    _sputc                                   0x00000771   Thumb Code    10  _sputc.o(.text)
    __aeabi_memclr                           0x0000077b   Thumb Code     0  rt_memclr.o(.text)
    __rt_memclr                              0x0000077b   Thumb Code    68  rt_memclr.o(.text)
    _memset                                  0x0000077f   Thumb Code     0  rt_memclr.o(.text)
    exit                                     0x000007bf   Thumb Code    18  exit.o(.text)
    BOARD_BootClockFROHF96M                  0x000007d1   Thumb Code    90  clock_config.o(.text.BOARD_BootClockFROHF96M)
    BOARD_InitDebugConsole                   0x0000082d   Thumb Code    44  board.o(.text.BOARD_InitDebugConsole)
    BOARD_InitPins                           0x00000859   Thumb Code   202  pin_mux.o(.text.BOARD_InitPins)
    CLOCK_AttachClk                          0x00000925   Thumb Code    88  fsl_clock.o(.text.CLOCK_AttachClk)
    CLOCK_GetAdcClkFreq                      0x000009ed   Thumb Code    58  fsl_clock.o(.text.CLOCK_GetAdcClkFreq)
    CLOCK_GetCTimerClkFreq                   0x00000a29   Thumb Code    56  fsl_clock.o(.text.CLOCK_GetCTimerClkFreq)
    CLOCK_GetClockOutClkFreq                 0x00000a61   Thumb Code    80  fsl_clock.o(.text.CLOCK_GetClockOutClkFreq)
    CLOCK_GetCoreSysClkFreq                  0x00000ab1   Thumb Code    72  fsl_clock.o(.text.CLOCK_GetCoreSysClkFreq)
    CLOCK_GetExtClkFreq                      0x00000af9   Thumb Code    28  fsl_clock.o(.text.CLOCK_GetExtClkFreq)
    CLOCK_GetFlexCommClkFreq                 0x00000b15   Thumb Code    46  fsl_clock.o(.text.CLOCK_GetFlexCommClkFreq)
    CLOCK_GetFlexCommInputClock              0x00000b45   Thumb Code   104  fsl_clock.o(.text.CLOCK_GetFlexCommInputClock)
    CLOCK_GetFreq                            0x00000bad   Thumb Code   230  fsl_clock.o(.text.CLOCK_GetFreq)
    CLOCK_GetFro12MFreq                      0x00000c95   Thumb Code    42  fsl_clock.o(.text.CLOCK_GetFro12MFreq)
    CLOCK_GetFro1MFreq                       0x00000cc1   Thumb Code    26  fsl_clock.o(.text.CLOCK_GetFro1MFreq)
    CLOCK_GetFroHfFreq                       0x00000cdd   Thumb Code    42  fsl_clock.o(.text.CLOCK_GetFroHfFreq)
    CLOCK_GetHsLspiClkFreq                   0x00000d09   Thumb Code   104  fsl_clock.o(.text.CLOCK_GetHsLspiClkFreq)
    CLOCK_GetI2SMClkFreq                     0x00000d71   Thumb Code    12  fsl_clock.o(.text.CLOCK_GetI2SMClkFreq)
    CLOCK_GetMclkClkFreq                     0x00000d7d   Thumb Code    48  fsl_clock.o(.text.CLOCK_GetMclkClkFreq)
    CLOCK_GetOsc32KFreq                      0x00000dad   Thumb Code    40  fsl_clock.o(.text.CLOCK_GetOsc32KFreq)
    CLOCK_GetPll0OutFreq                     0x00000dd5   Thumb Code    12  fsl_clock.o(.text.CLOCK_GetPll0OutFreq)
    CLOCK_GetSctClkFreq                      0x00000de1   Thumb Code    72  fsl_clock.o(.text.CLOCK_GetSctClkFreq)
    CLOCK_GetSdioClkFreq                     0x00000e29   Thumb Code    58  fsl_clock.o(.text.CLOCK_GetSdioClkFreq)
    CLOCK_GetSystickClkFreq                  0x00000e65   Thumb Code    72  fsl_clock.o(.text.CLOCK_GetSystickClkFreq)
    CLOCK_GetUsb0ClkFreq                     0x00000ead   Thumb Code    58  fsl_clock.o(.text.CLOCK_GetUsb0ClkFreq)
    CLOCK_GetUsb1ClkFreq                     0x00000ee9   Thumb Code    28  fsl_clock.o(.text.CLOCK_GetUsb1ClkFreq)
    CLOCK_GetWdtClkFreq                      0x00000f05   Thumb Code    28  fsl_clock.o(.text.CLOCK_GetWdtClkFreq)
    CLOCK_SetClkDiv                          0x00000f21   Thumb Code    36  fsl_clock.o(.text.CLOCK_SetClkDiv)
    CLOCK_SetFLASHAccessCyclesForFreq        0x00000f49   Thumb Code    80  fsl_clock.o(.text.CLOCK_SetFLASHAccessCyclesForFreq)
    CLOCK_SetupFROClocking                   0x00000f99   Thumb Code   124  fsl_clock.o(.text.CLOCK_SetupFROClocking)
    CLR_Buf2                                 0x00001015   Thumb Code    34  sim800a.o(.text.CLR_Buf2)
    CTIMER0_DriverIRQHandler                 0x00001039   Thumb Code     6  fsl_ctimer.o(.text.CTIMER0_DriverIRQHandler)
    CTIMER1_DriverIRQHandler                 0x00001041   Thumb Code     6  fsl_ctimer.o(.text.CTIMER1_DriverIRQHandler)
    CTIMER2_DriverIRQHandler                 0x00001049   Thumb Code     6  fsl_ctimer.o(.text.CTIMER2_DriverIRQHandler)
    CTIMER3_DriverIRQHandler                 0x00001051   Thumb Code     6  fsl_ctimer.o(.text.CTIMER3_DriverIRQHandler)
    CTIMER4_DriverIRQHandler                 0x00001059   Thumb Code     6  fsl_ctimer.o(.text.CTIMER4_DriverIRQHandler)
    CTIMER_GenericIRQHandler                 0x00001085   Thumb Code   124  fsl_ctimer.o(.text.CTIMER_GenericIRQHandler)
    CTIMER_GetDefaultConfig                  0x00001101   Thumb Code    44  fsl_ctimer.o(.text.CTIMER_GetDefaultConfig)
    CTIMER_Init                              0x00001179   Thumb Code   108  fsl_ctimer.o(.text.CTIMER_Init)
    CTIMER_RegisterCallBack                  0x000011e5   Thumb Code    34  fsl_ctimer.o(.text.CTIMER_RegisterCallBack)
    CTIMER_SetupMatch                        0x00001209   Thumb Code   146  fsl_ctimer.o(.text.CTIMER_SetupMatch)
    DMA0_DriverIRQHandler                    0x00001339   Thumb Code    12  fsl_dma.o(.text.DMA0_DriverIRQHandler)
    DMA1_DriverIRQHandler                    0x00001345   Thumb Code    12  fsl_dma.o(.text.DMA1_DriverIRQHandler)
    DMA_IRQHandle                            0x000013b5   Thumb Code   172  fsl_dma.o(.text.DMA_IRQHandle)
    DbgConsole_Init                          0x00001461   Thumb Code   190  fsl_debug_console.o(.text.DbgConsole_Init)
    DbgConsole_Printf                        0x00001561   Thumb Code    76  fsl_debug_console.o(.text.DbgConsole_Printf)
    DbgConsole_SendDataReliable              0x000015ad   Thumb Code    88  fsl_debug_console.o(.text.DbgConsole_SendDataReliable)
    DisplayButtonUp                          0x00001605   Thumb Code   130  gui.o(.text.DisplayButtonUp)
    FLEXCOMM0_DriverIRQHandler               0x000016a1   Thumb Code    72  fsl_flexcomm.o(.text.FLEXCOMM0_DriverIRQHandler)
    FLEXCOMM0_IRQHandler                     0x000016e9   Thumb Code    88  main.o(.text.FLEXCOMM0_IRQHandler)
    FLEXCOMM1_DriverIRQHandler               0x00001741   Thumb Code    72  fsl_flexcomm.o(.text.FLEXCOMM1_DriverIRQHandler)
    FLEXCOMM2_DriverIRQHandler               0x00001789   Thumb Code    72  fsl_flexcomm.o(.text.FLEXCOMM2_DriverIRQHandler)
    FLEXCOMM2_IRQHandler                     0x000017d1   Thumb Code    52  sim800a.o(.text.FLEXCOMM2_IRQHandler)
    FLEXCOMM3_DriverIRQHandler               0x00001805   Thumb Code    72  fsl_flexcomm.o(.text.FLEXCOMM3_DriverIRQHandler)
    FLEXCOMM4_DriverIRQHandler               0x0000184d   Thumb Code    72  fsl_flexcomm.o(.text.FLEXCOMM4_DriverIRQHandler)
    FLEXCOMM5_DriverIRQHandler               0x00001895   Thumb Code    72  fsl_flexcomm.o(.text.FLEXCOMM5_DriverIRQHandler)
    FLEXCOMM6_DriverIRQHandler               0x000018dd   Thumb Code    72  fsl_flexcomm.o(.text.FLEXCOMM6_DriverIRQHandler)
    FLEXCOMM7_DriverIRQHandler               0x00001925   Thumb Code    76  fsl_flexcomm.o(.text.FLEXCOMM7_DriverIRQHandler)
    FLEXCOMM8_DriverIRQHandler               0x00001971   Thumb Code    76  fsl_flexcomm.o(.text.FLEXCOMM8_DriverIRQHandler)
    FLEXCOMM_GetInstance                     0x000019bd   Thumb Code    84  fsl_flexcomm.o(.text.FLEXCOMM_GetInstance)
    FLEXCOMM_Init                            0x00001a11   Thumb Code    96  fsl_flexcomm.o(.text.FLEXCOMM_Init)
    Find                                     0x00001ad5   Thumb Code    24  sim800a.o(.text.Find)
    GINT0_DriverIRQHandler                   0x00001aed   Thumb Code    34  fsl_gint.o(.text.GINT0_DriverIRQHandler)
    GINT1_DriverIRQHandler                   0x00001b11   Thumb Code    34  fsl_gint.o(.text.GINT1_DriverIRQHandler)
    GPIO_PinInit                             0x00001b35   Thumb Code    76  fsl_gpio.o(.text.GPIO_PinInit)
    GPIO_PortInit                            0x00001bb9   Thumb Code   140  fsl_gpio.o(.text.GPIO_PortInit)
    GS_Read_Byte                             0x00001eed   Thumb Code    68  paj7620u2_iic.o(.text.GS_Read_Byte)
    GS_Read_nByte                            0x00001f31   Thumb Code    96  paj7620u2_iic.o(.text.GS_Read_nByte)
    GS_WakeUp                                0x00001f91   Thumb Code    20  paj7620u2_iic.o(.text.GS_WakeUp)
    GS_Write_Byte                            0x00001fa5   Thumb Code    58  paj7620u2_iic.o(.text.GS_Write_Byte)
    GS_i2c_init                              0x00001fe1   Thumb Code    52  paj7620u2_iic.o(.text.GS_i2c_init)
    GUI                                      0x00002015   Thumb Code   264  main.o(.text.GUI)
    GUI_INIT                                 0x0000211d   Thumb Code    34  main.o(.text.GUI_INIT)
    Gesture_init                             0x00002141   Thumb Code    50  paj7620u2.o(.text.Gesture_init)
    Gesture_test                             0x00002175   Thumb Code    88  paj7620u2.o(.text.Gesture_test)
    Gui_DrawFont_GBK16                       0x000021cd   Thumb Code   422  gui.o(.text.Gui_DrawFont_GBK16)
    Gui_DrawFont_Num32                       0x00002375   Thumb Code   150  gui.o(.text.Gui_DrawFont_Num32)
    Gui_DrawLine                             0x0000240d   Thumb Code   190  gui.o(.text.Gui_DrawLine)
    Gui_DrawPoint                            0x000024cd   Thumb Code    18  lcd_driver.o(.text.Gui_DrawPoint)
    HAL_UartInit                             0x000024ed   Thumb Code   208  usart_adapter.o(.text.HAL_UartInit)
    HAL_UartSendBlocking                     0x000025bd   Thumb Code   104  usart_adapter.o(.text.HAL_UartSendBlocking)
    HASHCRYPT_IRQHandler                     0x00002625   Thumb Code    86  fsl_hashcrypt.o(.text.HASHCRYPT_IRQHandler)
    LCD_GPIO_Init                            0x00002735   Thumb Code    86  lcd_driver.o(.text.LCD_GPIO_Init)
    LCD_WriteReg                             0x0000278d   Thumb Code    18  lcd_driver.o(.text.LCD_WriteReg)
    Lcd_Clear                                0x000027a1   Thumb Code    68  lcd_driver.o(.text.Lcd_Clear)
    Lcd_Init                                 0x000027e5   Thumb Code   492  lcd_driver.o(.text.Lcd_Init)
    Lcd_Reset                                0x000029d1   Thumb Code    30  lcd_driver.o(.text.Lcd_Reset)
    Lcd_SetRegion                            0x000029f1   Thumb Code    66  lcd_driver.o(.text.Lcd_SetRegion)
    Lcd_SetXY                                0x00002a35   Thumb Code    30  lcd_driver.o(.text.Lcd_SetXY)
    Lcd_WriteData                            0x00002a55   Thumb Code    36  lcd_driver.o(.text.Lcd_WriteData)
    Lcd_WriteData_16Bit                      0x00002a79   Thumb Code    20  lcd_driver.o(.text.Lcd_WriteData_16Bit)
    Lcd_WriteIndex                           0x00002a8d   Thumb Code    36  lcd_driver.o(.text.Lcd_WriteIndex)
    OSTIMER_ClearStatusFlags                 0x00002ac5   Thumb Code     8  fsl_ostimer.o(.text.OSTIMER_ClearStatusFlags)
    OSTIMER_HandleIRQ                        0x00002acd   Thumb Code    24  fsl_ostimer.o(.text.OSTIMER_HandleIRQ)
    OS_EVENT_DriverIRQHandler                0x00002ae5   Thumb Code    22  fsl_ostimer.o(.text.OS_EVENT_DriverIRQHandler)
    PINT_PatternMatchResetDetectLogic        0x00002afd   Thumb Code    20  fsl_pint.o(.text.PINT_PatternMatchResetDetectLogic)
    PINT_PinInterruptClrStatus               0x00002b11   Thumb Code    24  fsl_pint.o(.text.PINT_PinInterruptClrStatus)
    PIN_INT0_DriverIRQHandler                0x00002b29   Thumb Code    54  fsl_pint.o(.text.PIN_INT0_DriverIRQHandler)
    PIN_INT1_DriverIRQHandler                0x00002b61   Thumb Code    54  fsl_pint.o(.text.PIN_INT1_DriverIRQHandler)
    PIN_INT2_DriverIRQHandler                0x00002b99   Thumb Code    54  fsl_pint.o(.text.PIN_INT2_DriverIRQHandler)
    PIN_INT3_DriverIRQHandler                0x00002bd1   Thumb Code    54  fsl_pint.o(.text.PIN_INT3_DriverIRQHandler)
    PIN_INT4_DriverIRQHandler                0x00002c09   Thumb Code    54  fsl_pint.o(.text.PIN_INT4_DriverIRQHandler)
    PIN_INT5_DriverIRQHandler                0x00002c41   Thumb Code    54  fsl_pint.o(.text.PIN_INT5_DriverIRQHandler)
    PIN_INT6_DriverIRQHandler                0x00002c79   Thumb Code    54  fsl_pint.o(.text.PIN_INT6_DriverIRQHandler)
    PIN_INT7_DriverIRQHandler                0x00002cb1   Thumb Code    54  fsl_pint.o(.text.PIN_INT7_DriverIRQHandler)
    POWER_SetVoltageForFreq                  0x00002d01   Thumb Code    40  fsl_power_lib.o(.text.POWER_SetVoltageForFreq)
    PS_GenChar                               0x00002d29   Thumb Code    58  as608.o(.text.PS_GenChar)
    PS_GetImage                              0x00002d65   Thumb Code    50  as608.o(.text.PS_GetImage)
    PS_HandShake                             0x00002d99   Thumb Code   106  as608.o(.text.PS_HandShake)
    PS_HighSpeedSearch                       0x00002e05   Thumb Code   130  as608.o(.text.PS_HighSpeedSearch)
    Press_2                                  0x00002e89   Thumb Code   172  main.o(.text.Press_2)
    QDTFT_Test_Demo                          0x00002f35   Thumb Code    26  qdtft_demo.o(.text.QDTFT_Test_Demo)
    RESET_ClearPeripheralReset               0x00002f51   Thumb Code    66  fsl_reset.o(.text.RESET_ClearPeripheralReset)
    RESET_PeripheralReset                    0x00002f95   Thumb Code    18  fsl_reset.o(.text.RESET_PeripheralReset)
    RESET_SetPeripheralReset                 0x00002fa9   Thumb Code    64  fsl_reset.o(.text.RESET_SetPeripheralReset)
    SCT0_DriverIRQHandler                    0x00002fe9   Thumb Code     4  fsl_sctimer.o(.text.SCT0_DriverIRQHandler)
    SCTIMER_EventHandleIRQ                   0x00002fed   Thumb Code    84  fsl_sctimer.o(.text.SCTIMER_EventHandleIRQ)
    SDIO_DriverIRQHandler                    0x000033b1   Thumb Code    60  fsl_sdif.o(.text.SDIO_DriverIRQHandler)
    SEC_GPIO_INT0_IRQ0_DriverIRQHandler      0x000033ed   Thumb Code    54  fsl_pint.o(.text.SEC_GPIO_INT0_IRQ0_DriverIRQHandler)
    SEC_GPIO_INT0_IRQ1_DriverIRQHandler      0x00003425   Thumb Code    54  fsl_pint.o(.text.SEC_GPIO_INT0_IRQ1_DriverIRQHandler)
    SPIv_WriteData                           0x0000345d   Thumb Code    56  lcd_driver.o(.text.SPIv_WriteData)
    Second_AT_Command                        0x00003495   Thumb Code   146  sim800a.o(.text.Second_AT_Command)
    Send_Chinese_Message                     0x00003599   Thumb Code    18  sim800a.o(.text.Send_Chinese_Message)
    Send_Pdu_Sms                             0x000035ad   Thumb Code    72  sim800a.o(.text.Send_Pdu_Sms)
    SerialManager_Init                       0x000035f9   Thumb Code   100  serial_manager.o(.text.SerialManager_Init)
    SerialManager_OpenReadHandle             0x0000365d   Thumb Code    92  serial_manager.o(.text.SerialManager_OpenReadHandle)
    SerialManager_OpenWriteHandle            0x000036b9   Thumb Code    80  serial_manager.o(.text.SerialManager_OpenWriteHandle)
    SerialManager_WriteBlocking              0x000037a1   Thumb Code     4  serial_manager.o(.text.SerialManager_WriteBlocking)
    Serial_UartInit                          0x000037a5   Thumb Code   112  serial_port_uart.o(.text.Serial_UartInit)
    Serial_UartWrite                         0x00003815   Thumb Code    84  serial_port_uart.o(.text.Serial_UartWrite)
    Set_Pdu_Mode                             0x00003869   Thumb Code    88  sim800a.o(.text.Set_Pdu_Mode)
    ShowErrMessage                           0x000038c1   Thumb Code   108  main.o(.text.ShowErrMessage)
    StrFormatPrintf                          0x0000392d   Thumb Code   562  fsl_str.o(.text.StrFormatPrintf)
    SysTick_Handler                          0x00003b61   Thumb Code    24  main.o(.text.SysTick_Handler)
    SystemInit                               0x00003b79   Thumb Code    68  system_lpc55s69_cm33_core0.o(.text.SystemInit)
    SystemInitHook                           0x00003bbd   Thumb Code     2  system_lpc55s69_cm33_core0.o(.text.SystemInitHook)
    UART2_SendString                         0x00003bc1   Thumb Code    34  sim800a.o(.text.UART2_SendString)
    UART_IO_INIT                             0x00003be5   Thumb Code    44  main.o(.text.UART_IO_INIT)
    USART_GetDefaultConfig                   0x00003c2d   Thumb Code    68  fsl_usart.o(.text.USART_GetDefaultConfig)
    USART_Init                               0x00003c95   Thumb Code   316  fsl_usart.o(.text.USART_Init)
    USART_SetBaudRate                        0x00003df1   Thumb Code   224  fsl_usart.o(.text.USART_SetBaudRate)
    USART_WriteBlocking                      0x00003ed1   Thumb Code    72  fsl_usart.o(.text.USART_WriteBlocking)
    UTICK0_DriverIRQHandler                  0x00003f31   Thumb Code    22  fsl_utick.o(.text.UTICK0_DriverIRQHandler)
    UTICK_ClearStatusFlags                   0x00003f49   Thumb Code     6  fsl_utick.o(.text.UTICK_ClearStatusFlags)
    UTICK_HandleIRQ                          0x00003f51   Thumb Code    22  fsl_utick.o(.text.UTICK_HandleIRQ)
    Wait_CREG                                0x00003f69   Thumb Code   160  sim800a.o(.text.Wait_CREG)
    __aeabi_assert                           0x00004059   Thumb Code    60  fsl_assert.o(.text.__aeabi_assert)
    _sys_exit                                0x00004095   Thumb Code     2  fsl_debug_console.o(.text._sys_exit)
    ctimer_match0_callback                   0x00004099   Thumb Code    30  main.o(.text.ctimer_match0_callback)
    ctimer_match1_callback                   0x000040b9   Thumb Code   144  sim800a.o(.text.ctimer_match1_callback)
    delay_init                               0x00004149   Thumb Code    78  main.o(.text.delay_init)
    delay_ms                                 0x00004199   Thumb Code    64  main.o(.text.delay_ms)
    delay_us                                 0x000041d9   Thumb Code    64  main.o(.text.delay_us)
    handle_event                             0x00004219   Thumb Code   572  main.o(.text.handle_event)
    judge                                    0x00004455   Thumb Code    92  main.o(.text.judge)
    main                                     0x000044b1   Thumb Code   968  main.o(.text.main)
    nio_set_system_voltage                   0x00004879   Thumb Code   232  fsl_power_lib.o(.text.nio_set_system_voltage)
    paj7620u2_init                           0x00004961   Thumb Code    66  paj7620u2.o(.text.paj7620u2_init)
    paj7620u2_selectBank                     0x000049a5   Thumb Code    26  paj7620u2.o(.text.paj7620u2_selectBank)
    paj7620u2_sensor_test                    0x000049c1   Thumb Code     4  paj7620u2.o(.text.paj7620u2_sensor_test)
    paj7620u2_wakeup                         0x000049c5   Thumb Code    44  paj7620u2.o(.text.paj7620u2_wakeup)
    press_FR                                 0x000049f1   Thumb Code   106  main.o(.text.press_FR)
    showimage                                0x00004a5d   Thumb Code    38  qdtft_demo.o(.text.showimage)
    __aeabi_d2f                              0x00004a85   Thumb Code     0  d2f.o(x$fpl$d2f)
    _d2f                                     0x00004a85   Thumb Code    98  d2f.o(x$fpl$d2f)
    __aeabi_dmul                             0x00004ae9   Thumb Code     0  dmul.o(x$fpl$dmul)
    _dmul                                    0x00004ae9   Thumb Code   332  dmul.o(x$fpl$dmul)
    __fpl_dnaninf                            0x00004c3d   Thumb Code   156  dnaninf.o(x$fpl$dnaninf)
    __fpl_dretinf                            0x00004cd9   Thumb Code    12  dretinf.o(x$fpl$dretinf)
    __aeabi_f2d                              0x00004ce5   Thumb Code     0  f2d.o(x$fpl$f2d)
    _f2d                                     0x00004ce5   Thumb Code    86  f2d.o(x$fpl$f2d)
    __fpl_fnaninf                            0x00004d3b   Thumb Code   140  fnaninf.o(x$fpl$fnaninf)
    _fp_init                                 0x00004dc7   Thumb Code    26  fpinit.o(x$fpl$fpinit)
    __fplib_config_fpu_vfp                   0x00004ddf   Thumb Code     0  fpinit.o(x$fpl$fpinit)
    __fplib_config_pureend_doubles           0x00004ddf   Thumb Code     0  fpinit.o(x$fpl$fpinit)
    __fpl_fretinf                            0x00004de1   Thumb Code    10  fretinf.o(x$fpl$fretinf)
    __I$use$fp                               0x00004dea   Number         0  usenofp.o(x$fpl$usenofp)
    asc16                                    0x00004dea   Data        1521  gui.o(.rodata.asc16)
    gImage_qq                                0x000053fc   Data        3200  qdtft_demo.o(.rodata.gImage_qq)
    gesture_arry                             0x0000607c   Data          60  paj7620u2.o(.rodata.gesture_arry)
    hz16                                     0x000060b8   Data        3672  gui.o(.rodata.hz16)
    init_Array                               0x00006f10   Data         102  paj7620u2.o(.rodata.init_Array)
    sz32                                     0x00007281   Data        1921  gui.o(.rodata.sz32)
    Region$$Table$$Base                      0x00007a04   Number         0  anon$$obj.o(Region$$Table)
    Region$$Table$$Limit                     0x00007a24   Number         0  anon$$obj.o(Region$$Table)
    AS608Addr                                0x20000000   Data           4  as608.o(.data.AS608Addr)
    Hour                                     0x20000004   Data           4  main.o(.data.Hour)
    Min                                      0x20000008   Data           4  main.o(.data.Min)
    Ready_Flusf                              0x2000000c   Data           4  main.o(.data.Ready_Flusf)
    Sec                                      0x20000010   Data           4  main.o(.data.Sec)
    SystemCoreClock                          0x20000014   Data           4  system_lpc55s69_cm33_core0.o(.data.SystemCoreClock)
    ctimer3_callback_table                   0x20000018   Data          32  main.o(.data.ctimer3_callback_table)
    ctimer_callback_table                    0x20000038   Data          32  main.o(.data.ctimer_callback_table)
    First_Int                                0x2000005c   Data           1  sim800a.o(.bss.First_Int)
    GUI_NUM                                  0x20000060   Data           4  main.o(.bss.GUI_NUM)
    Last_NUM                                 0x20000064   Data           4  main.o(.bss.Last_NUM)
    Timer0_start                             0x20000068   Data           1  sim800a.o(.bss.Timer0_start)
    Times                                    0x20000069   Data           1  sim800a.o(.bss.Times)
    USART0_RX_BUF                            0x2000006a   Data         400  as608.o(.bss.USART0_RX_BUF)
    USART0_RX_STA                            0x200001fa   Data           2  as608.o(.bss.USART0_RX_STA)
    Uart2_Buf                                0x200001fc   Data         200  sim800a.o(.bss.Uart2_Buf)
    fac_ms                                   0x200002cc   Data           4  main.o(.bss.fac_ms)
    fac_us                                   0x200002d0   Data           4  main.o(.bss.fac_us)
    g_serialHandle                           0x200002d4   Data           4  fsl_debug_console.o(.bss.g_serialHandle)
    g_systickCounter                         0x200002d8   Data           4  main.o(.bss.g_systickCounter)
    shijian                                  0x200004d4   Data           1  sim800a.o(.bss.shijian)
    Image$$ARM_LIB_HEAP$$ZI$$Base            0x200004d8   Number         0  anon$$obj.o ABSOLUTE
    Image$$ARM_LIB_HEAP$$ZI$$Limit           0x200008d8   Number         0  anon$$obj.o ABSOLUTE
    Image$$ARM_LIB_STACK$$ZI$$Base           0x20032c00   Number         0  anon$$obj.o ABSOLUTE
    Image$$ARM_LIB_STACK$$ZI$$Limit          0x20033000   Number         0  anon$$obj.o ABSOLUTE



==============================================================================

Memory Map of the image

  Image Entry point : 0x00000201

  Load Region LR_m_text (Base: 0x00000000, Size: 0x00007a80, Max: 0x00072000, ABSOLUTE)

    Execution Region VECTOR_ROM (Exec base: 0x00000000, Load base: 0x00000000, Size: 0x00000130, Max: 0x00000200, ABSOLUTE)

    Exec Addr    Load Addr    Size         Type   Attr      Idx    E Section Name        Object

    0x00000000   0x00000000   0x00000130   Data   RO          187    RESET               startup_lpc55s69_cm33_core0.o


    Execution Region ER_m_text (Exec base: 0x00000200, Load base: 0x00000200, Size: 0x00007824, Max: 0x00071e00, ABSOLUTE, FIXED)

    Exec Addr    Load Addr    Size         Type   Attr      Idx    E Section Name        Object

    0x00000200   0x00000200   0x00000008   Code   RO         2889  * !!!main             c_w.l(__main.o)
    0x00000208   0x00000208   0x00000034   Code   RO         3159    !!!scatter          c_w.l(__scatter.o)
    0x0000023c   0x0000023c   0x0000001a   Code   RO         3161    !!handler_copy      c_w.l(__scatter_copy.o)
    0x00000256   0x00000256   0x00000002   PAD
    0x00000258   0x00000258   0x0000001c   Code   RO         3163    !!handler_zi        c_w.l(__scatter_zi.o)
    0x00000274   0x00000274   0x00000000   Code   RO         2878    .ARM.Collect$$_printf_percent$$00000000  c_w.l(_printf_percent.o)
    0x00000274   0x00000274   0x00000006   Code   RO         2877    .ARM.Collect$$_printf_percent$$00000009  c_w.l(_printf_d.o)
    0x0000027a   0x0000027a   0x00000004   Code   RO         2943    .ARM.Collect$$_printf_percent$$00000017  c_w.l(_printf_percent_end.o)
    0x0000027e   0x0000027e   0x00000002   Code   RO         3089    .ARM.Collect$$libinit$$00000000  c_w.l(libinit.o)
    0x00000280   0x00000280   0x00000004   Code   RO         2952    .ARM.Collect$$libinit$$00000001  c_w.l(libinit2.o)
    0x00000284   0x00000284   0x00000000   Code   RO         2955    .ARM.Collect$$libinit$$00000004  c_w.l(libinit2.o)
    0x00000284   0x00000284   0x00000000   Code   RO         2958    .ARM.Collect$$libinit$$0000000A  c_w.l(libinit2.o)
    0x00000284   0x00000284   0x00000000   Code   RO         2960    .ARM.Collect$$libinit$$0000000C  c_w.l(libinit2.o)
    0x00000284   0x00000284   0x00000000   Code   RO         2962    .ARM.Collect$$libinit$$0000000E  c_w.l(libinit2.o)
    0x00000284   0x00000284   0x00000000   Code   RO         2965    .ARM.Collect$$libinit$$00000011  c_w.l(libinit2.o)
    0x00000284   0x00000284   0x00000000   Code   RO         2967    .ARM.Collect$$libinit$$00000013  c_w.l(libinit2.o)
    0x00000284   0x00000284   0x00000000   Code   RO         2969    .ARM.Collect$$libinit$$00000015  c_w.l(libinit2.o)
    0x00000284   0x00000284   0x00000000   Code   RO         2971    .ARM.Collect$$libinit$$00000017  c_w.l(libinit2.o)
    0x00000284   0x00000284   0x00000000   Code   RO         2973    .ARM.Collect$$libinit$$00000019  c_w.l(libinit2.o)
    0x00000284   0x00000284   0x00000000   Code   RO         2975    .ARM.Collect$$libinit$$0000001B  c_w.l(libinit2.o)
    0x00000284   0x00000284   0x00000000   Code   RO         2977    .ARM.Collect$$libinit$$0000001D  c_w.l(libinit2.o)
    0x00000284   0x00000284   0x00000000   Code   RO         2979    .ARM.Collect$$libinit$$0000001F  c_w.l(libinit2.o)
    0x00000284   0x00000284   0x00000000   Code   RO         2981    .ARM.Collect$$libinit$$00000021  c_w.l(libinit2.o)
    0x00000284   0x00000284   0x00000000   Code   RO         2983    .ARM.Collect$$libinit$$00000023  c_w.l(libinit2.o)
    0x00000284   0x00000284   0x00000000   Code   RO         2985    .ARM.Collect$$libinit$$00000025  c_w.l(libinit2.o)
    0x00000284   0x00000284   0x00000000   Code   RO         2989    .ARM.Collect$$libinit$$0000002C  c_w.l(libinit2.o)
    0x00000284   0x00000284   0x00000000   Code   RO         2991    .ARM.Collect$$libinit$$0000002E  c_w.l(libinit2.o)
    0x00000284   0x00000284   0x00000000   Code   RO         2993    .ARM.Collect$$libinit$$00000030  c_w.l(libinit2.o)
    0x00000284   0x00000284   0x00000000   Code   RO         2995    .ARM.Collect$$libinit$$00000032  c_w.l(libinit2.o)
    0x00000284   0x00000284   0x00000002   Code   RO         2996    .ARM.Collect$$libinit$$00000033  c_w.l(libinit2.o)
    0x00000286   0x00000286   0x00000002   Code   RO         3156    .ARM.Collect$$libshutdown$$00000000  c_w.l(libshutdown.o)
    0x00000288   0x00000288   0x00000000   Code   RO         3113    .ARM.Collect$$libshutdown$$00000002  c_w.l(libshutdown2.o)
    0x00000288   0x00000288   0x00000000   Code   RO         3115    .ARM.Collect$$libshutdown$$00000004  c_w.l(libshutdown2.o)
    0x00000288   0x00000288   0x00000000   Code   RO         3118    .ARM.Collect$$libshutdown$$00000007  c_w.l(libshutdown2.o)
    0x00000288   0x00000288   0x00000000   Code   RO         3121    .ARM.Collect$$libshutdown$$0000000A  c_w.l(libshutdown2.o)
    0x00000288   0x00000288   0x00000000   Code   RO         3123    .ARM.Collect$$libshutdown$$0000000C  c_w.l(libshutdown2.o)
    0x00000288   0x00000288   0x00000000   Code   RO         3126    .ARM.Collect$$libshutdown$$0000000F  c_w.l(libshutdown2.o)
    0x00000288   0x00000288   0x00000002   Code   RO         3127    .ARM.Collect$$libshutdown$$00000010  c_w.l(libshutdown2.o)
    0x0000028a   0x0000028a   0x00000000   Code   RO         2909    .ARM.Collect$$rtentry$$00000000  c_w.l(__rtentry.o)
    0x0000028a   0x0000028a   0x00000000   Code   RO         3018    .ARM.Collect$$rtentry$$00000002  c_w.l(__rtentry2.o)
    0x0000028a   0x0000028a   0x00000004   Code   RO         3032    .ARM.Collect$$rtentry$$00000007  c_w.l(__rtentry7.o)
    0x0000028e   0x0000028e   0x00000000   Code   RO         3020    .ARM.Collect$$rtentry$$00000009  c_w.l(__rtentry2.o)
    0x0000028e   0x0000028e   0x00000004   Code   RO         3021    .ARM.Collect$$rtentry$$0000000A  c_w.l(__rtentry2.o)
    0x00000292   0x00000292   0x00000000   Code   RO         3023    .ARM.Collect$$rtentry$$0000000C  c_w.l(__rtentry2.o)
    0x00000292   0x00000292   0x00000008   Code   RO         3024    .ARM.Collect$$rtentry$$0000000D  c_w.l(__rtentry2.o)
    0x0000029a   0x0000029a   0x00000002   PAD
    0x0000029c   0x0000029c   0x00000004   Code   RO         3033    .ARM.Collect$$rtentry$$00002718  c_w.l(__rtentry7.o)
    0x000002a0   0x000002a0   0x00000002   Code   RO         3096    .ARM.Collect$$rtexit$$00000000  c_w.l(rtexit.o)
    0x000002a2   0x000002a2   0x00000000   Code   RO         3132    .ARM.Collect$$rtexit$$00000002  c_w.l(rtexit2.o)
    0x000002a2   0x000002a2   0x00000004   Code   RO         3133    .ARM.Collect$$rtexit$$00000003  c_w.l(rtexit2.o)
    0x000002a6   0x000002a6   0x00000006   Code   RO         3134    .ARM.Collect$$rtexit$$00000004  c_w.l(rtexit2.o)
    0x000002ac   0x000002ac   0x00000214   Code   RO          188    .text               startup_lpc55s69_cm33_core0.o
    0x000004c0   0x000004c0   0x00000028   Code   RO         2851    .text               c_w.l(noretval__2sprintf.o)
    0x000004e8   0x000004e8   0x00000068   Code   RO         2853    .text               c_w.l(__printf.o)
    0x00000550   0x00000550   0x00000078   Code   RO         2855    .text               c_w.l(_printf_dec.o)
    0x000005c8   0x000005c8   0x00000024   Code   RO         2879    .text               c_w.l(strstr.o)
    0x000005ec   0x000005ec   0x0000003e   Code   RO         2881    .text               c_w.l(strlen.o)
    0x0000062a   0x0000062a   0x00000016   Code   RO         2885    .text               c_w.l(memset.o)
    0x00000640   0x00000640   0x0000004e   Code   RO         2887    .text               c_w.l(rt_memclr_w.o)
    0x0000068e   0x0000068e   0x000000b2   Code   RO         2937    .text               c_w.l(_printf_intcommon.o)
    0x00000740   0x00000740   0x00000030   Code   RO         2939    .text               c_w.l(_printf_char_common.o)
    0x00000770   0x00000770   0x0000000a   Code   RO         2941    .text               c_w.l(_sputc.o)
    0x0000077a   0x0000077a   0x00000044   Code   RO         2948    .text               c_w.l(rt_memclr.o)
    0x000007be   0x000007be   0x00000012   Code   RO         3070    .text               c_w.l(exit.o)
    0x000007d0   0x000007d0   0x0000005a   Code   RO           19    .text.BOARD_BootClockFROHF96M  clock_config.o
    0x0000082a   0x0000082a   0x00000002   PAD
    0x0000082c   0x0000082c   0x0000002c   Code   RO            4    .text.BOARD_InitDebugConsole  board.o
    0x00000858   0x00000858   0x000000ca   Code   RO           39    .text.BOARD_InitPins  pin_mux.o
    0x00000922   0x00000922   0x00000002   PAD
    0x00000924   0x00000924   0x00000058   Code   RO          328    .text.CLOCK_AttachClk  fsl_clock.o
    0x0000097c   0x0000097c   0x00000010   Code   RO           41    .text.CLOCK_EnableClock  pin_mux.o
    0x0000098c   0x0000098c   0x00000018   Code   RO           66    .text.CLOCK_EnableClock  main.o
    0x000009a4   0x000009a4   0x00000018   Code   RO          540    .text.CLOCK_EnableClock  fsl_ctimer.o
    0x000009bc   0x000009bc   0x00000018   Code   RO          690    .text.CLOCK_EnableClock  fsl_flexcomm.o
    0x000009d4   0x000009d4   0x00000018   Code   RO          783    .text.CLOCK_EnableClock  fsl_gpio.o
    0x000009ec   0x000009ec   0x0000003a   Code   RO          364    .text.CLOCK_GetAdcClkFreq  fsl_clock.o
    0x00000a26   0x00000a26   0x00000002   PAD
    0x00000a28   0x00000a28   0x00000038   Code   RO          388    .text.CLOCK_GetCTimerClkFreq  fsl_clock.o
    0x00000a60   0x00000a60   0x00000050   Code   RO          348    .text.CLOCK_GetClockOutClkFreq  fsl_clock.o
    0x00000ab0   0x00000ab0   0x00000048   Code   RO          350    .text.CLOCK_GetCoreSysClkFreq  fsl_clock.o
    0x00000af8   0x00000af8   0x0000001c   Code   RO          354    .text.CLOCK_GetExtClkFreq  fsl_clock.o
    0x00000b14   0x00000b14   0x0000002e   Code   RO          384    .text.CLOCK_GetFlexCommClkFreq  fsl_clock.o
    0x00000b42   0x00000b42   0x00000002   PAD
    0x00000b44   0x00000b44   0x00000068   Code   RO          382    .text.CLOCK_GetFlexCommInputClock  fsl_clock.o
    0x00000bac   0x00000bac   0x000000e6   Code   RO          394    .text.CLOCK_GetFreq  fsl_clock.o
    0x00000c92   0x00000c92   0x00000002   PAD
    0x00000c94   0x00000c94   0x0000002a   Code   RO          378    .text.CLOCK_GetFro12MFreq  fsl_clock.o
    0x00000cbe   0x00000cbe   0x00000002   PAD
    0x00000cc0   0x00000cc0   0x0000001a   Code   RO          358    .text.CLOCK_GetFro1MFreq  fsl_clock.o
    0x00000cda   0x00000cda   0x00000002   PAD
    0x00000cdc   0x00000cdc   0x0000002a   Code   RO          356    .text.CLOCK_GetFroHfFreq  fsl_clock.o
    0x00000d06   0x00000d06   0x00000002   PAD
    0x00000d08   0x00000d08   0x00000068   Code   RO          386    .text.CLOCK_GetHsLspiClkFreq  fsl_clock.o
    0x00000d70   0x00000d70   0x0000000c   Code   RO          374    .text.CLOCK_GetI2SMClkFreq  fsl_clock.o
    0x00000d7c   0x00000d7c   0x00000030   Code   RO          370    .text.CLOCK_GetMclkClkFreq  fsl_clock.o
    0x00000dac   0x00000dac   0x00000028   Code   RO          362    .text.CLOCK_GetOsc32KFreq  fsl_clock.o
    0x00000dd4   0x00000dd4   0x0000000c   Code   RO          352    .text.CLOCK_GetPll0OutFreq  fsl_clock.o
    0x00000de0   0x00000de0   0x00000048   Code   RO          372    .text.CLOCK_GetSctClkFreq  fsl_clock.o
    0x00000e28   0x00000e28   0x0000003a   Code   RO          376    .text.CLOCK_GetSdioClkFreq  fsl_clock.o
    0x00000e62   0x00000e62   0x00000002   PAD
    0x00000e64   0x00000e64   0x00000048   Code   RO          390    .text.CLOCK_GetSystickClkFreq  fsl_clock.o
    0x00000eac   0x00000eac   0x0000003a   Code   RO          366    .text.CLOCK_GetUsb0ClkFreq  fsl_clock.o
    0x00000ee6   0x00000ee6   0x00000002   PAD
    0x00000ee8   0x00000ee8   0x0000001c   Code   RO          368    .text.CLOCK_GetUsb1ClkFreq  fsl_clock.o
    0x00000f04   0x00000f04   0x0000001c   Code   RO          380    .text.CLOCK_GetWdtClkFreq  fsl_clock.o
    0x00000f20   0x00000f20   0x00000024   Code   RO          332    .text.CLOCK_SetClkDiv  fsl_clock.o
    0x00000f44   0x00000f44   0x00000004   PAD
    0x00000f48   0x00000f48   0x00000050   Code   RO          342    .text.CLOCK_SetFLASHAccessCyclesForFreq  fsl_clock.o
    0x00000f98   0x00000f98   0x0000007c   Code   RO          338    .text.CLOCK_SetupFROClocking  fsl_clock.o
    0x00001014   0x00001014   0x00000022   Code   RO         2724    .text.CLR_Buf2      sim800a.o
    0x00001036   0x00001036   0x00000002   PAD
    0x00001038   0x00001038   0x00000006   Code   RO          572    .text.CTIMER0_DriverIRQHandler  fsl_ctimer.o
    0x0000103e   0x0000103e   0x00000002   PAD
    0x00001040   0x00001040   0x00000006   Code   RO          574    .text.CTIMER1_DriverIRQHandler  fsl_ctimer.o
    0x00001046   0x00001046   0x00000002   PAD
    0x00001048   0x00001048   0x00000006   Code   RO          576    .text.CTIMER2_DriverIRQHandler  fsl_ctimer.o
    0x0000104e   0x0000104e   0x00000002   PAD
    0x00001050   0x00001050   0x00000006   Code   RO          578    .text.CTIMER3_DriverIRQHandler  fsl_ctimer.o
    0x00001056   0x00001056   0x00000002   PAD
    0x00001058   0x00001058   0x00000006   Code   RO          580    .text.CTIMER4_DriverIRQHandler  fsl_ctimer.o
    0x0000105e   0x0000105e   0x00000002   PAD
    0x00001060   0x00001060   0x0000000e   Code   RO           88    .text.CTIMER_ClearStatusFlags  main.o
    0x0000106e   0x0000106e   0x00000002   PAD
    0x00001070   0x00001070   0x00000004   Code   RO          554    .text.CTIMER_ClearStatusFlags  fsl_ctimer.o
    0x00001074   0x00001074   0x0000000e   Code   RO         2722    .text.CTIMER_ClearStatusFlags  sim800a.o
    0x00001082   0x00001082   0x00000002   PAD
    0x00001084   0x00001084   0x0000007c   Code   RO          568    .text.CTIMER_GenericIRQHandler  fsl_ctimer.o
    0x00001100   0x00001100   0x0000002c   Code   RO          550    .text.CTIMER_GetDefaultConfig  fsl_ctimer.o
    0x0000112c   0x0000112c   0x00000048   Code   RO          542    .text.CTIMER_GetInstance  fsl_ctimer.o
    0x00001174   0x00001174   0x00000004   Code   RO          570    .text.CTIMER_GetStatusFlags  fsl_ctimer.o
    0x00001178   0x00001178   0x0000006c   Code   RO          538    .text.CTIMER_Init   fsl_ctimer.o
    0x000011e4   0x000011e4   0x00000022   Code   RO          566    .text.CTIMER_RegisterCallBack  fsl_ctimer.o
    0x00001206   0x00001206   0x00000002   PAD
    0x00001208   0x00001208   0x00000092   Code   RO          562    .text.CTIMER_SetupMatch  fsl_ctimer.o
    0x0000129a   0x0000129a   0x00000002   PAD
    0x0000129c   0x0000129c   0x0000000a   Code   RO           62    .text.CTIMER_StartTimer  main.o
    0x000012a6   0x000012a6   0x00000002   PAD
    0x000012a8   0x000012a8   0x00000012   Code   RO           86    .text.CTIMER_StopTimer  main.o
    0x000012ba   0x000012ba   0x00000002   PAD
    0x000012bc   0x000012bc   0x0000007a   Code   RO         2358    .text.ConvertRadixNumToString  fsl_str.o
    0x00001336   0x00001336   0x00000002   PAD
    0x00001338   0x00001338   0x0000000c   Code   RO          665    .text.DMA0_DriverIRQHandler  fsl_dma.o
    0x00001344   0x00001344   0x0000000c   Code   RO          667    .text.DMA1_DriverIRQHandler  fsl_dma.o
    0x00001350   0x00001350   0x00000054   Code   RO          603    .text.DMA_GetInstance  fsl_dma.o
    0x000013a4   0x000013a4   0x0000000e   Code   RO          633    .text.DMA_GetVirtualStartChannel  fsl_dma.o
    0x000013b2   0x000013b2   0x00000002   PAD
    0x000013b4   0x000013b4   0x000000ac   Code   RO          663    .text.DMA_IRQHandle  fsl_dma.o
    0x00001460   0x00001460   0x000000be   Code   RO         2383    .text.DbgConsole_Init  fsl_debug_console.o
    0x0000151e   0x0000151e   0x00000002   PAD
    0x00001520   0x00001520   0x0000003e   Code   RO         2391    .text.DbgConsole_PrintCallback  fsl_debug_console.o
    0x0000155e   0x0000155e   0x00000002   PAD
    0x00001560   0x00001560   0x0000004c   Code   RO         2389    .text.DbgConsole_Printf  fsl_debug_console.o
    0x000015ac   0x000015ac   0x00000058   Code   RO         2377    .text.DbgConsole_SendDataReliable  fsl_debug_console.o
    0x00001604   0x00001604   0x00000082   Code   RO         2491    .text.DisplayButtonUp  gui.o
    0x00001686   0x00001686   0x00000002   PAD
    0x00001688   0x00001688   0x0000000c   Code   RO           72    .text.EnableIRQ     main.o
    0x00001694   0x00001694   0x0000000c   Code   RO          556    .text.EnableIRQ     fsl_ctimer.o
    0x000016a0   0x000016a0   0x00000048   Code   RO          696    .text.FLEXCOMM0_DriverIRQHandler  fsl_flexcomm.o
    0x000016e8   0x000016e8   0x00000058   Code   RO           56    .text.FLEXCOMM0_IRQHandler  main.o
    0x00001740   0x00001740   0x00000048   Code   RO          698    .text.FLEXCOMM1_DriverIRQHandler  fsl_flexcomm.o
    0x00001788   0x00001788   0x00000048   Code   RO          700    .text.FLEXCOMM2_DriverIRQHandler  fsl_flexcomm.o
    0x000017d0   0x000017d0   0x00000034   Code   RO         2732    .text.FLEXCOMM2_IRQHandler  sim800a.o
    0x00001804   0x00001804   0x00000048   Code   RO          702    .text.FLEXCOMM3_DriverIRQHandler  fsl_flexcomm.o
    0x0000184c   0x0000184c   0x00000048   Code   RO          704    .text.FLEXCOMM4_DriverIRQHandler  fsl_flexcomm.o
    0x00001894   0x00001894   0x00000048   Code   RO          706    .text.FLEXCOMM5_DriverIRQHandler  fsl_flexcomm.o
    0x000018dc   0x000018dc   0x00000048   Code   RO          708    .text.FLEXCOMM6_DriverIRQHandler  fsl_flexcomm.o
    0x00001924   0x00001924   0x0000004c   Code   RO          710    .text.FLEXCOMM7_DriverIRQHandler  fsl_flexcomm.o
    0x00001970   0x00001970   0x0000004c   Code   RO          712    .text.FLEXCOMM8_DriverIRQHandler  fsl_flexcomm.o
    0x000019bc   0x000019bc   0x00000054   Code   RO          686    .text.FLEXCOMM_GetInstance  fsl_flexcomm.o
    0x00001a10   0x00001a10   0x00000060   Code   RO          688    .text.FLEXCOMM_Init  fsl_flexcomm.o
    0x00001a70   0x00001a70   0x0000002e   Code   RO          714    .text.FLEXCOMM_PeripheralIsPresent  fsl_flexcomm.o
    0x00001a9e   0x00001a9e   0x00000002   PAD
    0x00001aa0   0x00001aa0   0x00000032   Code   RO          692    .text.FLEXCOMM_SetPeriph  fsl_flexcomm.o
    0x00001ad2   0x00001ad2   0x00000002   PAD
    0x00001ad4   0x00001ad4   0x00000018   Code   RO         2736    .text.Find          sim800a.o
    0x00001aec   0x00001aec   0x00000022   Code   RO          760    .text.GINT0_DriverIRQHandler  fsl_gint.o
    0x00001b0e   0x00001b0e   0x00000002   PAD
    0x00001b10   0x00001b10   0x00000022   Code   RO          762    .text.GINT1_DriverIRQHandler  fsl_gint.o
    0x00001b32   0x00001b32   0x00000002   PAD
    0x00001b34   0x00001b34   0x0000004c   Code   RO          785    .text.GPIO_PinInit  fsl_gpio.o
    0x00001b80   0x00001b80   0x00000010   Code   RO           76    .text.GPIO_PinRead  main.o
    0x00001b90   0x00001b90   0x0000000c   Code   RO         2693    .text.GPIO_PinRead  paj7620u2_iic.o
    0x00001b9c   0x00001b9c   0x00000010   Code   RO         2691    .text.GPIO_PinWrite  paj7620u2_iic.o
    0x00001bac   0x00001bac   0x0000000c   Code   RO         2518    .text.GPIO_PortClear  lcd_driver.o
    0x00001bb8   0x00001bb8   0x0000008c   Code   RO          781    .text.GPIO_PortInit  fsl_gpio.o
    0x00001c44   0x00001c44   0x0000000c   Code   RO         2516    .text.GPIO_PortSet  lcd_driver.o
    0x00001c50   0x00001c50   0x0000000e   Code   RO         2720    .text.GPIO_PortToggle  sim800a.o
    0x00001c5e   0x00001c5e   0x00000002   PAD
    0x00001c60   0x00001c60   0x00000052   Code   RO         2697    .text.GS_IIC_Ack    paj7620u2_iic.o
    0x00001cb2   0x00001cb2   0x00000002   PAD
    0x00001cb4   0x00001cb4   0x00000052   Code   RO         2695    .text.GS_IIC_NAck   paj7620u2_iic.o
    0x00001d06   0x00001d06   0x00000002   PAD
    0x00001d08   0x00001d08   0x00000066   Code   RO         2683    .text.GS_IIC_Read_Byte  paj7620u2_iic.o
    0x00001d6e   0x00001d6e   0x00000002   PAD
    0x00001d70   0x00001d70   0x0000006e   Code   RO         2675    .text.GS_IIC_Send_Byte  paj7620u2_iic.o
    0x00001dde   0x00001dde   0x00000002   PAD
    0x00001de0   0x00001de0   0x00000052   Code   RO         2673    .text.GS_IIC_Start  paj7620u2_iic.o
    0x00001e32   0x00001e32   0x00000002   PAD
    0x00001e34   0x00001e34   0x00000052   Code   RO         2679    .text.GS_IIC_Stop   paj7620u2_iic.o
    0x00001e86   0x00001e86   0x00000002   PAD
    0x00001e88   0x00001e88   0x00000064   Code   RO         2677    .text.GS_IIC_Wait_Ack  paj7620u2_iic.o
    0x00001eec   0x00001eec   0x00000044   Code   RO         2681    .text.GS_Read_Byte  paj7620u2_iic.o
    0x00001f30   0x00001f30   0x00000060   Code   RO         2685    .text.GS_Read_nByte  paj7620u2_iic.o
    0x00001f90   0x00001f90   0x00000014   Code   RO         2687    .text.GS_WakeUp     paj7620u2_iic.o
    0x00001fa4   0x00001fa4   0x0000003a   Code   RO         2671    .text.GS_Write_Byte  paj7620u2_iic.o
    0x00001fde   0x00001fde   0x00000002   PAD
    0x00001fe0   0x00001fe0   0x00000034   Code   RO         2669    .text.GS_i2c_init   paj7620u2_iic.o
    0x00002014   0x00002014   0x00000108   Code   RO           80    .text.GUI           main.o
    0x0000211c   0x0000211c   0x00000022   Code   RO           84    .text.GUI_INIT      main.o
    0x0000213e   0x0000213e   0x00000002   PAD
    0x00002140   0x00002140   0x00000032   Code   RO         2651    .text.Gesture_init  paj7620u2.o
    0x00002172   0x00002172   0x00000002   PAD
    0x00002174   0x00002174   0x00000058   Code   RO         2653    .text.Gesture_test  paj7620u2.o
    0x000021cc   0x000021cc   0x000001a6   Code   RO         2493    .text.Gui_DrawFont_GBK16  gui.o
    0x00002372   0x00002372   0x00000002   PAD
    0x00002374   0x00002374   0x00000096   Code   RO         2497    .text.Gui_DrawFont_Num32  gui.o
    0x0000240a   0x0000240a   0x00000002   PAD
    0x0000240c   0x0000240c   0x000000be   Code   RO         2483    .text.Gui_DrawLine  gui.o
    0x000024ca   0x000024ca   0x00000002   PAD
    0x000024cc   0x000024cc   0x00000012   Code   RO         2536    .text.Gui_DrawPoint  lcd_driver.o
    0x000024de   0x000024de   0x00000002   PAD
    0x000024e0   0x000024e0   0x0000000a   Code   RO         2327    .text.HAL_UartGetStatus  usart_adapter.o
    0x000024ea   0x000024ea   0x00000002   PAD
    0x000024ec   0x000024ec   0x000000d0   Code   RO         2325    .text.HAL_UartInit  usart_adapter.o
    0x000025bc   0x000025bc   0x00000068   Code   RO         2333    .text.HAL_UartSendBlocking  usart_adapter.o
    0x00002624   0x00002624   0x00000056   Code   RO          844    .text.HASHCRYPT_IRQHandler  fsl_hashcrypt.o
    0x0000267a   0x0000267a   0x00000002   PAD
    0x0000267c   0x0000267c   0x00000012   Code   RO           43    .text.IOCON_PinMuxSet  pin_mux.o
    0x0000268e   0x0000268e   0x00000002   PAD
    0x00002690   0x00002690   0x00000016   Code   RO           94    .text.IOCON_PinMuxSet  main.o
    0x000026a6   0x000026a6   0x00000002   PAD
    0x000026a8   0x000026a8   0x0000000c   Code   RO         2689    .text.IOCON_PinMuxSet  paj7620u2_iic.o
    0x000026b4   0x000026b4   0x00000080   Code   RO         2589    .text.JudgeStr      as608.o
    0x00002734   0x00002734   0x00000056   Code   RO         2512    .text.LCD_GPIO_Init  lcd_driver.o
    0x0000278a   0x0000278a   0x00000002   PAD
    0x0000278c   0x0000278c   0x00000012   Code   RO         2524    .text.LCD_WriteReg  lcd_driver.o
    0x0000279e   0x0000279e   0x00000002   PAD
    0x000027a0   0x000027a0   0x00000044   Code   RO         2538    .text.Lcd_Clear     lcd_driver.o
    0x000027e4   0x000027e4   0x000001ec   Code   RO         2530    .text.Lcd_Init      lcd_driver.o
    0x000029d0   0x000029d0   0x0000001e   Code   RO         2528    .text.Lcd_Reset     lcd_driver.o
    0x000029ee   0x000029ee   0x00000002   PAD
    0x000029f0   0x000029f0   0x00000042   Code   RO         2534    .text.Lcd_SetRegion  lcd_driver.o
    0x00002a32   0x00002a32   0x00000002   PAD
    0x00002a34   0x00002a34   0x0000001e   Code   RO         2532    .text.Lcd_SetXY     lcd_driver.o
    0x00002a52   0x00002a52   0x00000002   PAD
    0x00002a54   0x00002a54   0x00000024   Code   RO         2522    .text.Lcd_WriteData  lcd_driver.o
    0x00002a78   0x00002a78   0x00000014   Code   RO         2526    .text.Lcd_WriteData_16Bit  lcd_driver.o
    0x00002a8c   0x00002a8c   0x00000024   Code   RO         2520    .text.Lcd_WriteIndex  lcd_driver.o
    0x00002ab0   0x00002ab0   0x00000012   Code   RO         2593    .text.MYUSART_SendData  as608.o
    0x00002ac2   0x00002ac2   0x00000002   PAD
    0x00002ac4   0x00002ac4   0x00000008   Code   RO         1284    .text.OSTIMER_ClearStatusFlags  fsl_ostimer.o
    0x00002acc   0x00002acc   0x00000018   Code   RO         1288    .text.OSTIMER_HandleIRQ  fsl_ostimer.o
    0x00002ae4   0x00002ae4   0x00000016   Code   RO         1306    .text.OS_EVENT_DriverIRQHandler  fsl_ostimer.o
    0x00002afa   0x00002afa   0x00000002   PAD
    0x00002afc   0x00002afc   0x00000014   Code   RO         1337    .text.PINT_PatternMatchResetDetectLogic  fsl_pint.o
    0x00002b10   0x00002b10   0x00000018   Code   RO         1339    .text.PINT_PinInterruptClrStatus  fsl_pint.o
    0x00002b28   0x00002b28   0x00000036   Code   RO         1365    .text.PIN_INT0_DriverIRQHandler  fsl_pint.o
    0x00002b5e   0x00002b5e   0x00000002   PAD
    0x00002b60   0x00002b60   0x00000036   Code   RO         1367    .text.PIN_INT1_DriverIRQHandler  fsl_pint.o
    0x00002b96   0x00002b96   0x00000002   PAD
    0x00002b98   0x00002b98   0x00000036   Code   RO         1369    .text.PIN_INT2_DriverIRQHandler  fsl_pint.o
    0x00002bce   0x00002bce   0x00000002   PAD
    0x00002bd0   0x00002bd0   0x00000036   Code   RO         1371    .text.PIN_INT3_DriverIRQHandler  fsl_pint.o
    0x00002c06   0x00002c06   0x00000002   PAD
    0x00002c08   0x00002c08   0x00000036   Code   RO         1373    .text.PIN_INT4_DriverIRQHandler  fsl_pint.o
    0x00002c3e   0x00002c3e   0x00000002   PAD
    0x00002c40   0x00002c40   0x00000036   Code   RO         1375    .text.PIN_INT5_DriverIRQHandler  fsl_pint.o
    0x00002c76   0x00002c76   0x00000002   PAD
    0x00002c78   0x00002c78   0x00000036   Code   RO         1377    .text.PIN_INT6_DriverIRQHandler  fsl_pint.o
    0x00002cae   0x00002cae   0x00000002   PAD
    0x00002cb0   0x00002cb0   0x00000036   Code   RO         1379    .text.PIN_INT7_DriverIRQHandler  fsl_pint.o
    0x00002ce6   0x00002ce6   0x00000002   PAD
    0x00002ce8   0x00002ce8   0x0000000a   Code   RO           23    .text.POWER_DisablePD  clock_config.o
    0x00002cf2   0x00002cf2   0x00000002   PAD
    0x00002cf4   0x00002cf4   0x0000000a   Code   RO          340    .text.POWER_DisablePD  fsl_clock.o
    0x00002cfe   0x00002cfe   0x00000002   PAD
    0x00002d00   0x00002d00   0x00000028   Code   RO         2773    .text.POWER_SetVoltageForFreq  keil_lib_power_cm33_core0.lib(fsl_power_lib.o)
    0x00002d28   0x00002d28   0x0000003a   Code   RO         2591    .text.PS_GenChar    as608.o
    0x00002d62   0x00002d62   0x00000002   PAD
    0x00002d64   0x00002d64   0x00000032   Code   RO         2575    .text.PS_GetImage   as608.o
    0x00002d96   0x00002d96   0x00000002   PAD
    0x00002d98   0x00002d98   0x0000006a   Code   RO         2621    .text.PS_HandShake  as608.o
    0x00002e02   0x00002e02   0x00000002   PAD
    0x00002e04   0x00002e04   0x00000082   Code   RO         2617    .text.PS_HighSpeedSearch  as608.o
    0x00002e86   0x00002e86   0x00000002   PAD
    0x00002e88   0x00002e88   0x000000ac   Code   RO          100    .text.Press_2       main.o
    0x00002f34   0x00002f34   0x0000001a   Code   RO         2559    .text.QDTFT_Test_Demo  qdtft_demo.o
    0x00002f4e   0x00002f4e   0x00000002   PAD
    0x00002f50   0x00002f50   0x00000042   Code   RO         1813    .text.RESET_ClearPeripheralReset  fsl_reset.o
    0x00002f92   0x00002f92   0x00000002   PAD
    0x00002f94   0x00002f94   0x00000012   Code   RO         1815    .text.RESET_PeripheralReset  fsl_reset.o
    0x00002fa6   0x00002fa6   0x00000002   PAD
    0x00002fa8   0x00002fa8   0x00000040   Code   RO         1811    .text.RESET_SetPeripheralReset  fsl_reset.o
    0x00002fe8   0x00002fe8   0x00000004   Code   RO         1919    .text.SCT0_DriverIRQHandler  fsl_sctimer.o
    0x00002fec   0x00002fec   0x00000054   Code   RO         1883    .text.SCTIMER_EventHandleIRQ  fsl_sctimer.o
    0x00003040   0x00003040   0x0000000c   Code   RO         1969    .text.SDIF_ClearInternalDMAStatus  fsl_sdif.o
    0x0000304c   0x0000304c   0x00000008   Code   RO         1947    .text.SDIF_ClearInterruptStatus  fsl_sdif.o
    0x00003054   0x00003054   0x0000000a   Code   RO         2029    .text.SDIF_DetectCardInsert  fsl_sdif.o
    0x0000305e   0x0000305e   0x00000002   PAD
    0x00003060   0x00003060   0x0000000c   Code   RO         2017    .text.SDIF_GetEnabledDMAInterruptStatus  fsl_sdif.o
    0x0000306c   0x0000306c   0x00000008   Code   RO         2015    .text.SDIF_GetEnabledInterruptStatus  fsl_sdif.o
    0x00003074   0x00003074   0x00000040   Code   RO         2001    .text.SDIF_ReadCommandResponse  fsl_sdif.o
    0x000030b4   0x000030b4   0x0000005a   Code   RO         2009    .text.SDIF_ReadDataPort  fsl_sdif.o
    0x0000310e   0x0000310e   0x00000002   PAD
    0x00003110   0x00003110   0x00000020   Code   RO         2027    .text.SDIF_TransferHandleCardDetect  fsl_sdif.o
    0x00003130   0x00003130   0x00000084   Code   RO         2019    .text.SDIF_TransferHandleCommand  fsl_sdif.o
    0x000031b4   0x000031b4   0x0000003c   Code   RO         2025    .text.SDIF_TransferHandleDMA  fsl_sdif.o
    0x000031f0   0x000031f0   0x000000c0   Code   RO         2021    .text.SDIF_TransferHandleData  fsl_sdif.o
    0x000032b0   0x000032b0   0x00000094   Code   RO         1987    .text.SDIF_TransferHandleIRQ  fsl_sdif.o
    0x00003344   0x00003344   0x0000000c   Code   RO         2023    .text.SDIF_TransferHandleSDIOInterrupt  fsl_sdif.o
    0x00003350   0x00003350   0x0000005e   Code   RO         2011    .text.SDIF_WriteDataPort  fsl_sdif.o
    0x000033ae   0x000033ae   0x00000002   PAD
    0x000033b0   0x000033b0   0x0000003c   Code   RO         1999    .text.SDIO_DriverIRQHandler  fsl_sdif.o
    0x000033ec   0x000033ec   0x00000036   Code   RO         1361    .text.SEC_GPIO_INT0_IRQ0_DriverIRQHandler  fsl_pint.o
    0x00003422   0x00003422   0x00000002   PAD
    0x00003424   0x00003424   0x00000036   Code   RO         1363    .text.SEC_GPIO_INT0_IRQ1_DriverIRQHandler  fsl_pint.o
    0x0000345a   0x0000345a   0x00000002   PAD
    0x0000345c   0x0000345c   0x00000038   Code   RO         2514    .text.SPIv_WriteData  lcd_driver.o
    0x00003494   0x00003494   0x00000092   Code   RO         2738    .text.Second_AT_Command  sim800a.o
    0x00003526   0x00003526   0x00000002   PAD
    0x00003528   0x00003528   0x00000026   Code   RO         2579    .text.SendAddr      as608.o
    0x0000354e   0x0000354e   0x00000002   PAD
    0x00003550   0x00003550   0x00000014   Code   RO         2587    .text.SendCheck     as608.o
    0x00003564   0x00003564   0x00000006   Code   RO         2581    .text.SendFlag      as608.o
    0x0000356a   0x0000356a   0x00000002   PAD
    0x0000356c   0x0000356c   0x00000012   Code   RO         2577    .text.SendHead      as608.o
    0x0000357e   0x0000357e   0x00000002   PAD
    0x00003580   0x00003580   0x00000016   Code   RO         2583    .text.SendLength    as608.o
    0x00003596   0x00003596   0x00000002   PAD
    0x00003598   0x00003598   0x00000012   Code   RO         2710    .text.Send_Chinese_Message  sim800a.o
    0x000035aa   0x000035aa   0x00000002   PAD
    0x000035ac   0x000035ac   0x00000048   Code   RO         2716    .text.Send_Pdu_Sms  sim800a.o
    0x000035f4   0x000035f4   0x00000004   Code   RO         2585    .text.Sendcmd       as608.o
    0x000035f8   0x000035f8   0x00000064   Code   RO         2423    .text.SerialManager_Init  serial_manager.o
    0x0000365c   0x0000365c   0x0000005c   Code   RO         2431    .text.SerialManager_OpenReadHandle  serial_manager.o
    0x000036b8   0x000036b8   0x00000050   Code   RO         2427    .text.SerialManager_OpenWriteHandle  serial_manager.o
    0x00003708   0x00003708   0x0000001a   Code   RO         2447    .text.SerialManager_StartWriting  serial_manager.o
    0x00003722   0x00003722   0x00000002   PAD
    0x00003724   0x00003724   0x0000007a   Code   RO         2437    .text.SerialManager_Write  serial_manager.o
    0x0000379e   0x0000379e   0x00000002   PAD
    0x000037a0   0x000037a0   0x00000004   Code   RO         2435    .text.SerialManager_WriteBlocking  serial_manager.o
    0x000037a4   0x000037a4   0x00000070   Code   RO         2461    .text.Serial_UartInit  serial_port_uart.o
    0x00003814   0x00003814   0x00000054   Code   RO         2465    .text.Serial_UartWrite  serial_port_uart.o
    0x00003868   0x00003868   0x00000058   Code   RO         2714    .text.Set_Pdu_Mode  sim800a.o
    0x000038c0   0x000038c0   0x0000006c   Code   RO           98    .text.ShowErrMessage  main.o
    0x0000392c   0x0000392c   0x00000232   Code   RO         2356    .text.StrFormatPrintf  fsl_str.o
    0x00003b5e   0x00003b5e   0x00000002   PAD
    0x00003b60   0x00003b60   0x00000018   Code   RO          106    .text.SysTick_Handler  main.o
    0x00003b78   0x00003b78   0x00000044   Code   RO          150    .text.SystemInit    system_lpc55s69_cm33_core0.o
    0x00003bbc   0x00003bbc   0x00000002   Code   RO          152    .text.SystemInitHook  system_lpc55s69_cm33_core0.o
    0x00003bbe   0x00003bbe   0x00000002   PAD
    0x00003bc0   0x00003bc0   0x00000022   Code   RO         2726    .text.UART2_SendString  sim800a.o
    0x00003be2   0x00003be2   0x00000002   PAD
    0x00003be4   0x00003be4   0x0000002c   Code   RO           68    .text.UART_IO_INIT  main.o
    0x00003c10   0x00003c10   0x00000012   Code   RO         2184    .text.USART_EnableContinuousSCLK  fsl_usart.o
    0x00003c22   0x00003c22   0x00000002   PAD
    0x00003c24   0x00003c24   0x00000008   Code   RO           70    .text.USART_EnableInterrupts  main.o
    0x00003c2c   0x00003c2c   0x00000044   Code   RO         2188    .text.USART_GetDefaultConfig  fsl_usart.o
    0x00003c70   0x00003c70   0x0000000c   Code   RO           58    .text.USART_GetStatusFlags  main.o
    0x00003c7c   0x00003c7c   0x0000000c   Code   RO         2627    .text.USART_GetStatusFlags  as608.o
    0x00003c88   0x00003c88   0x0000000c   Code   RO         2730    .text.USART_GetStatusFlags  sim800a.o
    0x00003c94   0x00003c94   0x0000013c   Code   RO         2180    .text.USART_Init    fsl_usart.o
    0x00003dd0   0x00003dd0   0x0000000e   Code   RO           60    .text.USART_ReadByte  main.o
    0x00003dde   0x00003dde   0x00000002   PAD
    0x00003de0   0x00003de0   0x0000000e   Code   RO         2734    .text.USART_ReadByte  sim800a.o
    0x00003dee   0x00003dee   0x00000002   PAD
    0x00003df0   0x00003df0   0x000000e0   Code   RO         2182    .text.USART_SetBaudRate  fsl_usart.o
    0x00003ed0   0x00003ed0   0x00000048   Code   RO         2190    .text.USART_WriteBlocking  fsl_usart.o
    0x00003f18   0x00003f18   0x0000000c   Code   RO         2625    .text.USART_WriteByte  as608.o
    0x00003f24   0x00003f24   0x0000000c   Code   RO         2728    .text.USART_WriteByte  sim800a.o
    0x00003f30   0x00003f30   0x00000016   Code   RO         2281    .text.UTICK0_DriverIRQHandler  fsl_utick.o
    0x00003f46   0x00003f46   0x00000002   PAD
    0x00003f48   0x00003f48   0x00000006   Code   RO         2279    .text.UTICK_ClearStatusFlags  fsl_utick.o
    0x00003f4e   0x00003f4e   0x00000002   PAD
    0x00003f50   0x00003f50   0x00000016   Code   RO         2271    .text.UTICK_HandleIRQ  fsl_utick.o
    0x00003f66   0x00003f66   0x00000002   PAD
    0x00003f68   0x00003f68   0x000000a0   Code   RO         2712    .text.Wait_CREG     sim800a.o
    0x00004008   0x00004008   0x00000020   Code   RO          110    .text.__NVIC_EnableIRQ  main.o
    0x00004028   0x00004028   0x00000020   Code   RO          584    .text.__NVIC_EnableIRQ  fsl_ctimer.o
    0x00004048   0x00004048   0x0000000e   Code   RO          104    .text.__NVIC_SetPriority  main.o
    0x00004056   0x00004056   0x00000002   PAD
    0x00004058   0x00004058   0x0000003c   Code   RO         2346    .text.__aeabi_assert  fsl_assert.o
    0x00004094   0x00004094   0x00000002   Code   RO         2403    .text._sys_exit     fsl_debug_console.o
    0x00004096   0x00004096   0x00000002   PAD
    0x00004098   0x00004098   0x0000001e   Code   RO           54    .text.ctimer_match0_callback  main.o
    0x000040b6   0x000040b6   0x00000002   PAD
    0x000040b8   0x000040b8   0x00000090   Code   RO         2718    .text.ctimer_match1_callback  sim800a.o
    0x00004148   0x00004148   0x0000004e   Code   RO          102    .text.delay_init    main.o
    0x00004196   0x00004196   0x00000002   PAD
    0x00004198   0x00004198   0x00000040   Code   RO           74    .text.delay_ms      main.o
    0x000041d8   0x000041d8   0x00000040   Code   RO          108    .text.delay_us      main.o
    0x00004218   0x00004218   0x0000023c   Code   RO           82    .text.handle_event  main.o
    0x00004454   0x00004454   0x0000005c   Code   RO           96    .text.judge         main.o
    0x000044b0   0x000044b0   0x000003c8   Code   RO           64    .text.main          main.o
    0x00004878   0x00004878   0x000000e8   Code   RO         2771    .text.nio_set_system_voltage  keil_lib_power_cm33_core0.lib(fsl_power_lib.o)
    0x00004960   0x00004960   0x00000042   Code   RO         2647    .text.paj7620u2_init  paj7620u2.o
    0x000049a2   0x000049a2   0x00000002   PAD
    0x000049a4   0x000049a4   0x0000001a   Code   RO         2643    .text.paj7620u2_selectBank  paj7620u2.o
    0x000049be   0x000049be   0x00000002   PAD
    0x000049c0   0x000049c0   0x00000004   Code   RO         2655    .text.paj7620u2_sensor_test  paj7620u2.o
    0x000049c4   0x000049c4   0x0000002c   Code   RO         2645    .text.paj7620u2_wakeup  paj7620u2.o
    0x000049f0   0x000049f0   0x0000006a   Code   RO           78    .text.press_FR      main.o
    0x00004a5a   0x00004a5a   0x00000002   PAD
    0x00004a5c   0x00004a5c   0x00000026   Code   RO         2557    .text.showimage     qdtft_demo.o
    0x00004a82   0x00004a82   0x00000002   PAD
    0x00004a84   0x00004a84   0x00000062   Code   RO         2891    x$fpl$d2f           fz_wm.l(d2f.o)
    0x00004ae6   0x00004ae6   0x00000002   PAD
    0x00004ae8   0x00004ae8   0x00000154   Code   RO         2897    x$fpl$dmul          fz_wm.l(dmul.o)
    0x00004c3c   0x00004c3c   0x0000009c   Code   RO         3003    x$fpl$dnaninf       fz_wm.l(dnaninf.o)
    0x00004cd8   0x00004cd8   0x0000000c   Code   RO         3005    x$fpl$dretinf       fz_wm.l(dretinf.o)
    0x00004ce4   0x00004ce4   0x00000056   Code   RO         2899    x$fpl$f2d           fz_wm.l(f2d.o)
    0x00004d3a   0x00004d3a   0x0000008c   Code   RO         3009    x$fpl$fnaninf       fz_wm.l(fnaninf.o)
    0x00004dc6   0x00004dc6   0x0000001a   Code   RO         3062    x$fpl$fpinit        fz_wm.l(fpinit.o)
    0x00004de0   0x00004de0   0x0000000a   Code   RO         3011    x$fpl$fretinf       fz_wm.l(fretinf.o)
    0x00004dea   0x00004dea   0x00000000   Code   RO         3013    x$fpl$usenofp       fz_wm.l(usenofp.o)
    0x00004dea   0x00004dea   0x000005f1   Data   RO         2499    .rodata.asc16       gui.o
    0x000053db   0x000053db   0x00000001   PAD
    0x000053dc   0x000053dc   0x00000020   Data   RO         2336    .rodata.cst32       usart_adapter.o
    0x000053fc   0x000053fc   0x00000c80   Data   RO         2561    .rodata.gImage_qq   qdtft_demo.o
    0x0000607c   0x0000607c   0x0000003c   Data   RO         2659    .rodata.gesture_arry  paj7620u2.o
    0x000060b8   0x000060b8   0x00000e58   Data   RO         2501    .rodata.hz16        gui.o
    0x00006f10   0x00006f10   0x00000066   Data   RO         2657    .rodata.init_Array  paj7620u2.o
    0x00006f76   0x00006f76   0x00000002   PAD
    0x00006f78   0x00006f78   0x00000014   Data   RO          591    .rodata.s_ctimerBases  fsl_ctimer.o
    0x00006f8c   0x00006f8c   0x0000000a   Data   RO          587    .rodata.s_ctimerClocks  fsl_ctimer.o
    0x00006f96   0x00006f96   0x00000005   Data   RO          588    .rodata.s_ctimerIRQ  fsl_ctimer.o
    0x00006f9b   0x00006f9b   0x00000001   PAD
    0x00006f9c   0x00006f9c   0x00000012   Data   RO          718    .rodata.s_flexcommClocks  fsl_flexcomm.o
    0x00006fae   0x00006fae   0x00000050   Data   RO          123    .rodata.str1.1      main.o
    0x00006ffe   0x00006ffe   0x0000001f   Data   RO          586    .rodata.str1.1      fsl_ctimer.o
    0x0000701d   0x0000701d   0x00000015   Data   RO          673    .rodata.str1.1      fsl_dma.o
    0x00007032   0x00007032   0x0000001a   Data   RO          717    .rodata.str1.1      fsl_flexcomm.o
    0x0000704c   0x0000704c   0x00000024   Data   RO         1817    .rodata.str1.1      fsl_reset.o
    0x00007070   0x00007070   0x0000001d   Data   RO         2031    .rodata.str1.1      fsl_sdif.o
    0x0000708d   0x0000708d   0x0000003b   Data   RO         2222    .rodata.str1.1      fsl_usart.o
    0x000070c8   0x000070c8   0x00000073   Data   RO         2335    .rodata.str1.1      usart_adapter.o
    0x0000713b   0x0000713b   0x00000074   Data   RO         2410    .rodata.str1.1      fsl_debug_console.o
    0x000071af   0x000071af   0x00000056   Data   RO         2451    .rodata.str1.1      serial_manager.o
    0x00007205   0x00007205   0x0000002d   Data   RO         2469    .rodata.str1.1      serial_port_uart.o
    0x00007232   0x00007232   0x0000004f   Data   RO         2745    .rodata.str1.1      sim800a.o
    0x00007281   0x00007281   0x00000781   Data   RO         2500    .rodata.sz32        gui.o
    0x00007a02   0x00007a02   0x00000002   PAD
    0x00007a04   0x00007a04   0x00000020   Data   RO         3158    Region$$Table       anon$$obj.o


    Execution Region RW_m_data (Exec base: 0x20000000, Load base: 0x00007a24, Size: 0x000004d8, Max: 0x00032800, ABSOLUTE)

    Exec Addr    Load Addr    Size         Type   Attr      Idx    E Section Name        Object

    0x20000000   0x00007a24   0x00000004   Data   RW         2629    .data.AS608Addr     as608.o
    0x20000004   0x00007a28   0x00000004   Data   RW          116    .data.Hour          main.o
    0x20000008   0x00007a2c   0x00000004   Data   RW          117    .data.Min           main.o
    0x2000000c   0x00007a30   0x00000004   Data   RW          114    .data.Ready_Flusf   main.o
    0x20000010   0x00007a34   0x00000004   Data   RW          118    .data.Sec           main.o
    0x20000014   0x00007a38   0x00000004   Data   RW          178    .data.SystemCoreClock  system_lpc55s69_cm33_core0.o
    0x20000018   0x00007a3c   0x00000020   Data   RW          121    .data.ctimer3_callback_table  main.o
    0x20000038   0x00007a5c   0x00000020   Data   RW          120    .data.ctimer_callback_table  main.o
    0x20000058   0x00007a7c   0x00000004   Data   RW          456    .data.s_Ext_Clk_Freq  fsl_clock.o
    0x2000005c        -       0x00000001   Zero   RW         2741    .bss.First_Int      sim800a.o
    0x2000005d   0x00007a80   0x00000003   PAD
    0x20000060        -       0x00000004   Zero   RW          115    .bss.GUI_NUM        main.o
    0x20000064        -       0x00000004   Zero   RW          119    .bss.Last_NUM       main.o
    0x20000068        -       0x00000001   Zero   RW         2743    .bss.Timer0_start   sim800a.o
    0x20000069        -       0x00000001   Zero   RW         2740    .bss.Times          sim800a.o
    0x2000006a        -       0x00000190   Zero   RW         2631    .bss.USART0_RX_BUF  as608.o
    0x200001fa        -       0x00000002   Zero   RW         2630    .bss.USART0_RX_STA  as608.o
    0x200001fc        -       0x000000c8   Zero   RW         2744    .bss.Uart2_Buf      sim800a.o
    0x200002c4        -       0x00000005   Zero   RW          590    .bss.ctimerCallbackType  fsl_ctimer.o
    0x200002c9   0x00007a80   0x00000003   PAD
    0x200002cc        -       0x00000004   Zero   RW          127    .bss.fac_ms         main.o
    0x200002d0        -       0x00000004   Zero   RW          126    .bss.fac_us         main.o
    0x200002d4        -       0x00000004   Zero   RW         2411    .bss.g_serialHandle  fsl_debug_console.o
    0x200002d8        -       0x00000004   Zero   RW          128    .bss.g_systickCounter  main.o
    0x200002dc        -       0x00000004   Zero   RW          124    .bss.handle_event.Event_num  main.o
    0x200002e0        -       0x00000004   Zero   RW          125    .bss.handle_event.test_num  main.o
    0x200002e4        -       0x000000f0   Zero   RW          674    .bss.s_DMAHandle    fsl_dma.o
    0x200003d4        -       0x00000004   Zero   RW          457    .bss.s_I2S_Mclk_Freq  fsl_clock.o
    0x200003d8        -       0x00000004   Zero   RW          458    .bss.s_Pll0_Freq    fsl_clock.o
    0x200003dc        -       0x00000014   Zero   RW          589    .bss.s_ctimerCallback  fsl_ctimer.o
    0x200003f0        -       0x00000004   Zero   RW          862    .bss.s_ctx          fsl_hashcrypt.o
    0x200003f4        -       0x0000001c   Zero   RW         2409    .bss.s_debugConsoleState  fsl_debug_console.o
    0x20000410        -       0x00000040   Zero   RW         1925    .bss.s_eventCallback  fsl_sctimer.o
    0x20000450        -       0x00000024   Zero   RW          720    .bss.s_flexcommHandle  fsl_flexcomm.o
    0x20000474        -       0x00000024   Zero   RW          719    .bss.s_flexcommIrqHandler  fsl_flexcomm.o
    0x20000498        -       0x00000008   Zero   RW          768    .bss.s_gintCallback  fsl_gint.o
    0x200004a0        -       0x00000004   Zero   RW         1311    .bss.s_ostimerHandle  fsl_ostimer.o
    0x200004a4        -       0x00000028   Zero   RW         1386    .bss.s_pintCallback  fsl_pint.o
    0x200004cc        -       0x00000004   Zero   RW         2032    .bss.s_sdifHandle   fsl_sdif.o
    0x200004d0        -       0x00000004   Zero   RW         2283    .bss.s_utickHandle  fsl_utick.o
    0x200004d4        -       0x00000001   Zero   RW         2742    .bss.shijian        sim800a.o


    Execution Region ARM_LIB_HEAP (Exec base: 0x200004d8, Load base: 0x00007a80, Size: 0x00000400, Max: 0x00000400, ABSOLUTE)

    Exec Addr    Load Addr    Size         Type   Attr      Idx    E Section Name        Object

    0x200004d8        -       0x00000400   Zero   RW            1    ARM_LIB_HEAP.bss    anon$$obj.o


    Execution Region ARM_LIB_STACK (Exec base: 0x20032c00, Load base: 0x00007a80, Size: 0x00000400, Max: 0x00000400, ABSOLUTE)

    Exec Addr    Load Addr    Size         Type   Attr      Idx    E Section Name        Object

    0x20032c00        -       0x00000400   Zero   RW            2    ARM_LIB_STACK.bss   anon$$obj.o


    Execution Region RW_m_usb_bdt (Exec base: 0x40100000, Load base: 0x00007a80, Size: 0x00000000, Max: 0x00000000, ABSOLUTE, UNINIT)

    **** No section assigned to this execution region ****


    Execution Region RW_m_usb_ram (Exec base: 0x40100000, Load base: 0x00007a80, Size: 0x00000000, Max: 0x00004000, ABSOLUTE, UNINIT)

    **** No section assigned to this execution region ****



  Load Region LR_CORE1_IMAGE (Base: 0x00072000, Size: 0x00000000, Max: 0xffffffff, ABSOLUTE)

    Execution Region CORE1_REGION (Exec base: 0x00072000, Load base: 0x00072000, Size: 0x00000000, Max: 0x00026000, ABSOLUTE)

    **** No section assigned to this execution region ****


==============================================================================

Image component sizes


      Code (inc. data)   RO Data    RW Data    ZI Data      Debug   Object Name

       622          0          0          4        402       8989   as608.o
        44          0          0          0          0       7673   board.o
       100          0          0          0          0      13818   clock_config.o
        60         44          0          0          0        600   fsl_assert.o
      1654         78          0          4          8      38360   fsl_clock.o
       634         48         66          0         25      20539   fsl_ctimer.o
       418          0        116          0         32       7449   fsl_debug_console.o
       294         44         21          0        240      27539   fsl_dma.o
       956        296         44          0         72      15214   fsl_flexcomm.o
        68          0          0          0          8      16545   fsl_gint.o
       240         96          0          0          0      11767   fsl_gpio.o
        86          0          0          0          4      26706   fsl_hashcrypt.o
        54          0          0          0          4      14879   fsl_ostimer.o
       584          0          0          0         40      21866   fsl_pint.o
       148          0         36          0          0       8644   fsl_reset.o
        88          0          0          0         64      21652   fsl_sctimer.o
       934         48         29          0          4      32685   fsl_sdif.o
       684         52          0          0          0       6862   fsl_str.o
       698        140         59          0          0      15327   fsl_usart.o
        50          0          0          0          4      13983   fsl_utick.o
       892          0       7114          0          0       6938   gui.o
       980          0          0          0          0       4390   lcd_driver.o
      2904        384         80         80         28      28387   main.o
       278          0        162          0          0       2132   paj7620u2.o
       974          0          0          0          0       4511   paj7620u2_iic.o
       236          0          0          0          0       8989   pin_mux.o
        64          0       3200          0          0       1658   qdtft_demo.o
       424          8         86          0          0       6142   serial_manager.o
       196         16         45          0          0       3942   serial_port_uart.o
       838        100         79          0        204       5486   sim800a.o
       532        252        304          0          0       3828   startup_lpc55s69_cm33_core0.o
        70          0          0          4          0      11048   system_lpc55s69_cm33_core0.o
       322          8        147          0          0       6023   usart_adapter.o

    ----------------------------------------------------------------------
     17336       1614      11626         92       3196     424571   Object Totals
         0          0         32          0       2048          0   (incl. Generated)
       210          0          6          0          9          0   (incl. Padding)

    ----------------------------------------------------------------------

      Code (inc. data)   RO Data    RW Data    ZI Data      Debug   Library Member Name

         8          0          0          0          0         68   __main.o
       104          0          0          0          0         84   __printf.o
         0          0          0          0          0          0   __rtentry.o
        12          0          0          0          0          0   __rtentry2.o
         8          4          0          0          0          0   __rtentry7.o
        52          8          0          0          0          0   __scatter.o
        26          0          0          0          0          0   __scatter_copy.o
        28          0          0          0          0          0   __scatter_zi.o
        48          6          0          0          0         96   _printf_char_common.o
         6          0          0          0          0          0   _printf_d.o
       120         16          0          0          0         92   _printf_dec.o
       178          0          0          0          0         88   _printf_intcommon.o
         0          0          0          0          0          0   _printf_percent.o
         4          0          0          0          0          0   _printf_percent_end.o
        10          0          0          0          0         68   _sputc.o
        18          0          0          0          0         80   exit.o
         2          0          0          0          0          0   libinit.o
         6          0          0          0          0          0   libinit2.o
         2          0          0          0          0          0   libshutdown.o
         2          0          0          0          0          0   libshutdown2.o
        22          0          0          0          0         76   memset.o
        40          6          0          0          0         84   noretval__2sprintf.o
        68          0          0          0          0         68   rt_memclr.o
        78          0          0          0          0         80   rt_memclr_w.o
         2          0          0          0          0          0   rtexit.o
        10          0          0          0          0          0   rtexit2.o
        62          0          0          0          0         76   strlen.o
        36          0          0          0          0         80   strstr.o
        98          4          0          0          0        140   d2f.o
       340         12          0          0          0        152   dmul.o
       156          4          0          0          0        140   dnaninf.o
        12          0          0          0          0        116   dretinf.o
        86          4          0          0          0        132   f2d.o
       140          4          0          0          0        132   fnaninf.o
        26          0          0          0          0        116   fpinit.o
        10          0          0          0          0        116   fretinf.o
         0          0          0          0          0          0   usenofp.o
       272         12          0          0          0          0   fsl_power_lib.o

    ----------------------------------------------------------------------
      2098         80          0          0          0       2084   Library Totals
         6          0          0          0          0          0   (incl. Padding)

    ----------------------------------------------------------------------

      Code (inc. data)   RO Data    RW Data    ZI Data      Debug   Library Name

       952         40          0          0          0       1040   c_w.l
       868         28          0          0          0       1044   fz_wm.l
       272         12          0          0          0          0   keil_lib_power_cm33_core0.lib

    ----------------------------------------------------------------------
      2098         80          0          0          0       2084   Library Totals

    ----------------------------------------------------------------------

==============================================================================


      Code (inc. data)   RO Data    RW Data    ZI Data      Debug   

     19434       1694      11626         92       3196     424991   Grand Totals
     19434       1694      11626         92       3196     424991   ELF Image Totals
     19434       1694      11626         92          0          0   ROM Totals

==============================================================================

    Total RO  Size (Code + RO Data)                31060 (  30.33kB)
    Total RW  Size (RW Data + ZI Data)              3288 (   3.21kB)
    Total ROM Size (Code + RO Data + RW Data)      31152 (  30.42kB)

==============================================================================

