<html>
<body>
<pre>
<h1>µVision Build Log</h1>
<h2>Tool Versions:</h2>
IDE-Version: ¦ÌVision V5.28.0.0
Copyright (C) 2019 ARM Ltd and ARM Germany GmbH. All rights reserved.
License Information: 1 HR, 1, LIC=Q7GKP-MRCG1-YBJE9-4L6MY-G59IG-3ZT79
 
Tool Versions:
Toolchain:       MDK-ARM Professional  Version: 5.28.0.0
Toolchain Path:  E:\Keil_v5\ARM\ARMCLANG\Bin
C Compiler:      ArmClang.exe V6.12
Assembler:       Armasm.exe V6.12
Linker/Locator:  ArmLink.exe V6.12
Library Manager: ArmAr.exe V6.12
Hex Converter:   FromElf.exe V6.12
CPU DLL:         
Dialog DLL:      
Target DLL:      CMSIS_AGDI_V8M.DLL V1.5.19.0
Dialog DLL:      TCM.DLL V1.36.2.0
 
<h2>Project:</h2>
C:\Users\HR\Desktop\MCU-Project\prj\LPC55S69.uvprojx
Project File Date:  01/09/2020

<h2>Output:</h2>
*** Using Compiler 'V6.12', folder: 'E:\Keil_v5\ARM\ARMCLANG\Bin'
Build target 'Target 1'
compiling QDTFT_demo.c...
linking...
Program Size: Code=19434 RO-data=11626 RW-data=92 ZI-data=3196  
".\Objects\LPC55S69.axf" - 0 Error(s), 0 Warning(s).

<h2>Software Packages used:</h2>

Package Vendor: NXP
                http://mcuxpresso.nxp.com/cmsis_pack/repo/NXP.LPC55S69_DFP.12.1.0.pack
                NXP.LPC55S69_DFP.12.1.0
                Device Family Pack for LPC55S69

<h2>Collection of Component include folders:</h2>
  .\RTE\_Target_1
  C:\Users\HR\AppData\Local\Arm\Packs\NXP\LPC55S69_DFP\12.1.0

<h2>Collection of Component Files used:</h2>
Build Time Elapsed:  00:00:03
</pre>
</body>
</html>
